[    0.000000] Linux version 4.19.190+ (loongson@loongson-pc) (gcc version 8.3.0 (Loongnix 8.3.0-6.lnd.vec.27)) #15 SMP Sat Jan 15 00:54:49 CST 2022
[    0.000000] Primary instruction cache 64kB, 4-way, VIPT, linesize 64 bytes.
[    0.000000] Primary data cache 64kB, 4-way, VIPT, no aliases, linesize 64 bytes
[    0.000000] Unified victim cache 256kB 16-way, linesize 64 bytes.
[    0.000000] Unified secondary cache 16384kB 16-way, linesize 64 bytes.
[    0.000000] Generic 64-bit Loongson Processor probed
[    0.000000] CPU0 revision is: 0014c010 (Loongson-64bit)
[    0.000000] FPU0 revision is: 00000000
[    0.000000] BPI1000 with boot flags 4d454d.
[    0.000000] efi:  ACPI 2.0=0xfd2f4000  SMBIOS=0x900000000fffe000  SMBIOS 3.0=0x90000000fd132000
[    0.000000] ACPI: Early table checksum verification disabled
[    0.000000] ACPI: RSDP 0x00000000FD2F4000 000024 (v02 LOONGS)
[    0.000000] ACPI: XSDT 0x00000000FD2F3000 000044 (v01 LOONGS TP-R00   00000004      01000013)
[    0.000000] ACPI: FACP 0x00000000FD2F0000 0000F4 (v03 LOONGS TP-R00   00000004 PTEC 20160527)
[    0.000000] ACPI: DSDT 0x00000000FD2EE000 001A9C (v02 LGSON  TP-R00   00000476 INTL 20160527)
[    0.000000] ACPI: FACS 0x00000000FD2F1000 000040
[    0.000000] ACPI: APIC 0x00000000FD2F2000 00005E (v01 LOONGS LOONGSON 00000001 LIUX 00000000)
[    0.000000] ACPI: SRAT 0x00000000FD2ED000 0000C0 (v02 LOONGS LOONGSON 00000002 LIUX 01000013)
[    0.000000] ACPI: SLIT 0x00000000FD2EC000 00002D (v01 LOONGS LOONGSON 00000002 LIUX 01000013)
[    0.000000] PCH_PIC[0]: pch_pic_id 0, version 0, address 0x10000000, IRQ 64-127
[    0.000000] SRAT: PXM 0 -> CPU 0x00 -> Node 0
[    0.000000] SRAT: PXM 0 -> CPU 0x01 -> Node 0
[    0.000000] SRAT: PXM 0 -> CPU 0x02 -> Node 0
[    0.000000] SRAT: PXM 0 -> CPU 0x03 -> Node 0
[    0.000000] ACPI: SRAT: Node 0 PXM 0 [mem 0x00000000-0x0fffffff]
[    0.000000] ACPI: SRAT: Node 0 PXM 0 [mem 0x90000000-0x47fffffff]
[    0.000000] Debug: node_id:0, mem_start:0x200000, mem_size:0xee00000 Bytes
[    0.000000]        start_pfn:0x80, end_pfn:0x3c00, num_physpages:0x3b80
[    0.000000] Debug: mem_type:2, mem_start:0xf000000, mem_size:0x1000000 Bytes
[    0.000000] Debug: mem_type:2, mem_start:0x90000000, mem_size:0x200000 Bytes
[    0.000000] Debug: node_id:0, mem_start:0x90200000, mem_size:0x2fe00000 Bytes
[    0.000000]        start_pfn:0x24080, end_pfn:0x30000, num_physpages:0xfb00
[    0.000000] Debug: node_id:0, mem_start:0xff000000, mem_size:0x381000000 Bytes
[    0.000000]        start_pfn:0x3fc00, end_pfn:0x120000, num_physpages:0xeff00
[    0.000000] Debug: node_id:0, mem_start:0xc0020000, mem_size:0x3d108000 Bytes
[    0.000000]        start_pfn:0x30008, end_pfn:0x3f44a, num_physpages:0xff342
[    0.000000] Debug: node_id:0, mem_start:0xfd134000, mem_size:0x1b8000 Bytes
[    0.000000]        start_pfn:0x3f44d, end_pfn:0x3f4bb, num_physpages:0xff3b0
[    0.000000] Debug: node_id:0, mem_start:0xfd388000, mem_size:0x1080000 Bytes
[    0.000000]        start_pfn:0x3f4e2, end_pfn:0x3f902, num_physpages:0xff7d0
[    0.000000] Debug: node_id:0, mem_start:0xfe460000, mem_size:0xba0000 Bytes
[    0.000000]        start_pfn:0x3f918, end_pfn:0x3fc00, num_physpages:0xffab8
[    0.000000] Debug: mem_type:2, mem_start:0xfd128000, mem_size:0xb000 Bytes
[    0.000000] Debug: mem_type:2, mem_start:0xfd2f5000, mem_size:0x93000 Bytes
[    0.000000] Debug: mem_type:2, mem_start:0xfe408000, mem_size:0x58000 Bytes
[    0.000000] Node0's addrspace_offset is 0x0
[    0.000000] Node0: start_pfn=0x80, end_pfn=0x120000
[    0.000000] SMBIOS 3.2.0 present.
[    0.000000] DMI: Loongson Loongson-LS3A5000-7A1000-1w-V0.1-CRB/Loongson-LS3A5000-7A1000-1w-EVB-V1.21, BIOS Loongson-UDK2018-V2.0.04073-beta2 03/
[    0.000000] CpuClock = 2300000000
[    0.000000] The BIOS Version: Loongson-UDK2018-V2.0.04073-beta2
[    0.000000] Initrd not found or empty - disabling initrd
[    0.000000] software IO TLB: mapped [mem 0x016c4000-0x056c4000] (64MB)
[    0.000000] PM: Registered nosave memory: [mem 0x013ac000-0x013affff]
[    0.000000] SMP: Allowing 4 CPUs, 0 hotplug CPUs
[    0.000000] Zone ranges:
[    0.000000]   DMA32    [mem 0x0000000000200000-0x00000000ffffffff]
[    0.000000]   Normal   [mem 0x0000000100000000-0x000000047fffffff]
[    0.000000] Movable zone start for each node
[    0.000000] Early memory node ranges
[    0.000000]   node   0: [mem 0x0000000000200000-0x000000000effffff]
[    0.000000]   node   0: [mem 0x0000000090200000-0x00000000bfffffff]
[    0.000000]   node   0: [mem 0x00000000c0020000-0x00000000fd127fff]
[    0.000000]   node   0: [mem 0x00000000fd134000-0x00000000fd2ebfff]
[    0.000000]   node   0: [mem 0x00000000fd388000-0x00000000fe407fff]
[    0.000000]   node   0: [mem 0x00000000fe460000-0x000000047fffffff]
[    0.000000] Zeroed struct page in unavailable ranges: 1352 pages
[    0.000000] Initmem setup node 0 [mem 0x0000000000200000-0x000000047fffffff]
[    0.000000] On node 0 totalpages: 1047224
[    0.000000]   DMA32 zone: 507 pages used for memmap
[    0.000000]   DMA32 zone: 0 pages reserved
[    0.000000]   DMA32 zone: 129720 pages, LIFO batch:15
[    0.000000]   Normal zone: 3584 pages used for memmap
[    0.000000]   Normal zone: 917504 pages, LIFO batch:15
[    0.000000] percpu: Embedded 7 pages/cpu s63632 r8192 d42864 u8388608
[    0.000000] pcpu-alloc: s63632 r8192 d42864 u8388608 alloc=1*33554432
[    0.000000] pcpu-alloc: [0] 0 1 2 3
[    0.000000] CPU0 __my_cpu_offset: 4a6c000
[    0.000000] Built 1 zonelists, mobility grouping on.  Total pages: 1043133
[    0.000000] Policy zone: Normal
[    0.000000] Kernel command line:  root=/dev/sda2 ro quiet splash resume=UUID=55c58fde-a5a4-4aee-8cdc-dfc69748ed03 e1000e.InterruptThrottleRate=4,4,4,4
[    0.000000] Memory: 16537088K/16755584K available (14201K kernel code, 1418K rwdata, 3852K rodata, 672K init, 1093K bss, 218496K reserved, 0K cma-reserved)
[    0.000000] SLUB: HWalign=64, Order=0-3, MinObjects=0, CPUs=4, Nodes=1
[    0.000000] rcu: Hierarchical RCU implementation.
[    0.000000] rcu:     RCU restricting CPUs from NR_CPUS=64 to nr_cpu_ids=4.
[    0.000000] rcu: Adjusting geometry for rcu_fanout_leaf=16, nr_cpu_ids=4
[    0.000000] NR_IRQS: 4160, nr_irqs: 4160, preallocated irqs: 16
[    0.000000] Support EXT interrupt.
[    0.000000] Constant clock event device register
[    0.000000] clocksource: Constant: mask: 0xffffffffffffffff max_cycles: 0x171024e7e0, max_idle_ns: 440795205315 ns
[    0.000002] sched_clock: 64 bits at 100MHz, resolution 10ns, wraps every 4398046511100ns
[    0.000002] Constant clock source device register
[    0.000068] Console: colour dummy device 80x25
[    0.000075] console [tty0] enabled
[    0.000096] ACPI: Core revision 20180810
[    0.000782] Calibrating delay loop (skipped), value calculated using timer frequency.. 200.00 BogoMIPS (lpj=400000)
[    0.000785] pid_max: default: 32768 minimum: 301
[    0.000813] Security Framework initialized
[    0.000817] AppArmor: AppArmor disabled by boot time parameter
[    0.001973] Dentry cache hash table entries: 2097152 (order: 10, 16777216 bytes)
[    0.002574] Inode-cache hash table entries: 1048576 (order: 9, 8388608 bytes)
[    0.002606] Mount-cache hash table entries: 32768 (order: 4, 262144 bytes)
[    0.002626] Mountpoint-cache hash table entries: 32768 (order: 4, 262144 bytes)
[    0.003175] Performance counters: loongarch/loongson64 PMU enabled, 4 64-bit counters available to each CPU.
[    0.003205] rcu: Hierarchical SRCU implementation.
[    0.003347] smp: Bringing up secondary CPUs ...
[    0.003439] Booting CPU#1...
[    0.003571] Primary instruction cache 64kB, 4-way, VIPT, linesize 64 bytes.
[    0.003573] Primary data cache 64kB, 4-way, VIPT, no aliases, linesize 64 bytes
[    0.003574] Unified victim cache 256kB 16-way, linesize 64 bytes.
[    0.003575] Unified secondary cache 16384kB 16-way, linesize 64 bytes.
[    0.003576] Generic 64-bit Loongson Processor probed
[    0.003578] CPU1 revision is: 0014c010 (Loongson-64bit)
[    0.003579] FPU1 revision is: 00000000
[    0.003580] CPU1 __my_cpu_offset: 526c000
[    0.003656] CPU#1 finished
[    0.003761] Booting CPU#2...
[    0.003765] Primary instruction cache 64kB, 4-way, VIPT, linesize 64 bytes.
[    0.003766] Primary data cache 64kB, 4-way, VIPT, no aliases, linesize 64 bytes
[    0.003767] Unified victim cache 256kB 16-way, linesize 64 bytes.
[    0.003768] Unified secondary cache 16384kB 16-way, linesize 64 bytes.
[    0.003769] Generic 64-bit Loongson Processor probed
[    0.003772] CPU2 revision is: 0014c010 (Loongson-64bit)
[    0.003773] FPU2 revision is: 00000000
[    0.003773] CPU2 __my_cpu_offset: 5a6c000
[    0.003782] CPU#2 finished
[    0.003875] Booting CPU#3...
[    0.003879] Primary instruction cache 64kB, 4-way, VIPT, linesize 64 bytes.
[    0.003881] Primary data cache 64kB, 4-way, VIPT, no aliases, linesize 64 bytes
[    0.003882] Unified victim cache 256kB 16-way, linesize 64 bytes.
[    0.003883] Unified secondary cache 16384kB 16-way, linesize 64 bytes.
[    0.003883] Generic 64-bit Loongson Processor probed
[    0.003886] CPU3 revision is: 0014c010 (Loongson-64bit)
[    0.003887] FPU3 revision is: 00000000
[    0.003888] CPU3 __my_cpu_offset: 626c000
[    0.003897] CPU#3 finished
[    0.003922] smp: Brought up 1 node, 4 CPUs
[    0.004191] devtmpfs: initialized
[    0.005305] random: get_random_u32 called from bucket_table_alloc.isra.9+0x94/0x20c with crng_init=0
[    0.005456] clocksource: jiffies: mask: 0xffffffff max_cycles: 0xffffffff, max_idle_ns: 7645041785100000 ns
[    0.005464] futex hash table entries: 1024 (order: 2, 65536 bytes)
[    0.005514] xor: measuring software checksum speed
[    0.043992]    8regs     : 11728.000 MB/sec
[    0.083992]    8regs_prefetch: 11700.000 MB/sec
[    0.123991]    32regs    : 11720.000 MB/sec
[    0.163992]    32regs_prefetch: 11692.000 MB/sec
[    0.163993] xor: using function: 8regs (11728.000 MB/sec)
[    0.164137] NET: Registered protocol family 16
[    0.164339] audit: initializing netlink subsys (disabled)
[    0.164505] audit: type=2000 audit(1642419031.168:1): state=initialized audit_enabled=0 res=1
[    0.164888] cpuidle: using governor menu
[    0.165000] ACPI: bus type PCI registered
[    0.171982] HugeTLB registered 32.0 MiB page size, pre-allocated 0 pages
[    0.240009] raid6: int64x1  gen()  2622 MB/s
[    0.259893] random: fast init done
[    0.308003] raid6: int64x1  xor()  1591 MB/s
[    0.375994] raid6: int64x2  gen()  3963 MB/s
[    0.444002] raid6: int64x2  xor()  2167 MB/s
[    0.511992] raid6: int64x4  gen()  3774 MB/s
[    0.579999] raid6: int64x4  xor()  2286 MB/s
[    0.648009] raid6: int64x8  gen()  2774 MB/s
[    0.716003] raid6: int64x8  xor()  2327 MB/s
[    0.716004] raid6: using algorithm int64x2 gen() 3963 MB/s
[    0.716005] raid6: .... xor() 2167 MB/s, rmw enabled
[    0.716006] raid6: using intx1 recovery algorithm
[    0.716193] ACPI: Added _OSI(Module Device)
[    0.716195] ACPI: Added _OSI(Processor Device)
[    0.716196] ACPI: Added _OSI(3.0 _SCP Extensions)
[    0.716197] ACPI: Added _OSI(Processor Aggregator Device)
[    0.716199] ACPI: Added _OSI(Linux-Dell-Video)
[    0.716200] ACPI: Added _OSI(Linux-Lenovo-NV-HDMI-Audio)
[    0.717813] ACPI: 1 ACPI AML tables successfully acquired and loaded
[    0.723150] ACPI Error: Could not enable GlobalLock event (20180810/evxfevnt-184)
[    0.723160] ACPI Warning: Could not enable fixed event - GlobalLock (1) (20180810/evxface-620)
[    0.723163] ACPI Error: No response from Global Lock hardware, disabling lock (20180810/evglock-60)
[    0.723536] ACPI: Interpreter enabled
[    0.723558] ACPI: (supports S0 S3 S4 S5)
[    0.723559] ACPI: Using IOAPIC for interrupt routing
[    0.723590] ACPI: Failed to parse MCFG (-19)
[    0.724037] ACPI: Power Resource [PUBS] (on)
[    0.727011] ACPI: PCI Root Bridge [PCI0] (domain 0000 [bus 00-ff])
[    0.727016] acpi PNP0A08:00: _OSC: OS supports [ExtendedConfig ASPM ClockPM Segments MSI]
[    0.727023] acpi PNP0A08:00: _OSC failed (AE_NOT_FOUND); disabling ASPM
[    0.727026] acpi PNP0A08:00: 0000:[bus 00-ff] ECAM region not found, use default value
[    0.727731] acpi PNP0A08:00: ECAM at [mem 0xefe00000000-0xefe1fffffff] for [bus 00-ff]
[    0.727749] Remapped I/O 0x0000000018004000 to [io  0x4000-0xffff window]
[    0.727802] PCI host bridge to bus 0000:00
[    0.727804] pci_bus 0000:00: root bus resource [io  0x4000-0xffff window]
[    0.727807] pci_bus 0000:00: root bus resource [mem 0xe0040000000-0xe007fffffff window] (bus address [0x40000000-0x7fffffff])
[    0.727809] pci_bus 0000:00: root bus resource [bus 00-ff]
[    0.727822] pci 0000:00:00.0: [0014:7a00] type 00 class 0x060000
[    0.727931] pci 0000:00:00.1: [0014:7a10] type 00 class 0x000000
[    0.728006] pci 0000:00:03.0: [0014:7a03] type 00 class 0x020000
[    0.728014] pci 0000:00:03.0: reg 0x10: [mem 0xe0047170000-0xe0047177fff 64bit]
[    0.728101] pci 0000:00:03.1: [0014:7a03] type 00 class 0x020000
[    0.728108] pci 0000:00:03.1: reg 0x10: [mem 0xe0047178000-0xe004717ffff 64bit]
[    0.728191] pci 0000:00:04.0: [0014:7a24] type 00 class 0x0c0310
[    0.728198] pci 0000:00:04.0: reg 0x10: [mem 0xe0047180000-0xe0047187fff 64bit]
[    0.728275] pci 0000:00:04.1: [0014:7a14] type 00 class 0x0c0320
[    0.728282] pci 0000:00:04.1: reg 0x10: [mem 0xe0047188000-0xe004718ffff 64bit]
[    0.728364] pci 0000:00:05.0: [0014:7a24] type 00 class 0x0c0310
[    0.728371] pci 0000:00:05.0: reg 0x10: [mem 0xe0047190000-0xe0047197fff 64bit]
[    0.728447] pci 0000:00:05.1: [0014:7a14] type 00 class 0x0c0320
[    0.728454] pci 0000:00:05.1: reg 0x10: [mem 0xe0047198000-0xe004719ffff 64bit]
[    0.728537] pci 0000:00:06.0: [0014:7a15] type 00 class 0x040000
[    0.728544] pci 0000:00:06.0: reg 0x10: [mem 0xe0047100000-0xe004713ffff 64bit]
[    0.728549] pci 0000:00:06.0: reg 0x18: [mem 0xe0040000000-0xe0043ffffff 64bit]
[    0.728553] pci 0000:00:06.0: reg 0x20: [mem 0xe0047140000-0xe004714ffff 64bit]
[    0.728617] pci 0000:00:06.1: [0014:7a06] type 00 class 0x030000
[    0.728624] pci 0000:00:06.1: reg 0x10: [mem 0xe0047150000-0xe004715ffff 64bit]
[    0.728700] pci 0000:00:07.0: [0014:7a07] type 00 class 0x040300
[    0.728707] pci 0000:00:07.0: reg 0x10: [mem 0xe0047160000-0xe004716ffff 64bit]
[    0.728779] pci 0000:00:08.0: [0014:7a08] type 00 class 0x010601
[    0.728786] pci 0000:00:08.0: reg 0x10: [mem 0xe00471a0000-0xe00471a1fff 64bit]
[    0.728862] pci 0000:00:08.1: [0014:7a08] type 00 class 0x010601
[    0.728869] pci 0000:00:08.1: reg 0x10: [mem 0xe00471a2000-0xe00471a3fff 64bit]
[    0.728944] pci 0000:00:08.2: [0014:7a08] type 00 class 0x010601
[    0.728951] pci 0000:00:08.2: reg 0x10: [mem 0xe00471a4000-0xe00471a5fff 64bit]
[    0.729032] pci 0000:00:0a.0: [0014:7a09] type 01 class 0x060000
[    0.729042] pci 0000:00:0a.0: reg 0x10: [mem 0xe00471a6000-0xe00471a6fff 64bit]
[    0.729068] pci 0000:00:0a.0: supports D1 D2
[    0.729070] pci 0000:00:0a.0: PME# supported from D0 D1 D3hot D3cold
[    0.729158] pci 0000:00:16.0: [0014:7a0b] type 00 class 0x088000
[    0.729165] pci 0000:00:16.0: reg 0x10: [mem 0xe00471a7000-0xe00471a7fff 64bit]
[    0.729170] pci 0000:00:16.0: reg 0x18: [mem 0xe0046000000-0xe0046ffffff 64bit]
[    0.729238] pci 0000:00:17.0: [0014:7a0c] type 00 class 0x060100
[    0.729349] pci 0000:01:00.0: [1b4b:9215] type 00 class 0x010601
[    0.729365] pci 0000:01:00.0: reg 0x10: [io  0x40028-0x4002f]
[    0.729372] pci 0000:01:00.0: reg 0x14: [io  0x40034-0x40037]
[    0.729379] pci 0000:01:00.0: reg 0x18: [io  0x40020-0x40027]
[    0.729385] pci 0000:01:00.0: reg 0x1c: [io  0x40030-0x40033]
[    0.729392] pci 0000:01:00.0: reg 0x20: [io  0x40000-0x4001f]
[    0.729399] pci 0000:01:00.0: reg 0x24: [mem 0xe0047000000-0xe00470007ff]
[    0.729406] pci 0000:01:00.0: reg 0x30: [mem 0xffff0000-0xffffffff pref]
[    0.729419] pci 0000:01:00.0: Enabling fixed DMA alias to 00.1
[    0.729450] pci 0000:01:00.0: PME# supported from D3hot
[    0.740025] pci 0000:00:06.0: BAR 2: assigned [mem 0xe0040000000-0xe0043ffffff 64bit]
[    0.740030] pci 0000:00:16.0: BAR 2: assigned [mem 0xe0044000000-0xe0044ffffff 64bit]
[    0.740034] pci 0000:00:0a.0: BAR 14: assigned [mem 0xe0045000000-0xe00450fffff]
[    0.740035] pci 0000:00:06.0: BAR 0: assigned [mem 0xe0045100000-0xe004513ffff 64bit]
[    0.740039] pci 0000:00:06.0: BAR 4: assigned [mem 0xe0045140000-0xe004514ffff 64bit]
[    0.740043] pci 0000:00:06.1: BAR 0: assigned [mem 0xe0045150000-0xe004515ffff 64bit]
[    0.740047] pci 0000:00:07.0: BAR 0: assigned [mem 0xe0045160000-0xe004516ffff 64bit]
[    0.740050] pci 0000:00:03.0: BAR 0: assigned [mem 0xe0045170000-0xe0045177fff 64bit]
[    0.740054] pci 0000:00:03.1: BAR 0: assigned [mem 0xe0045178000-0xe004517ffff 64bit]
[    0.740058] pci 0000:00:04.0: BAR 0: assigned [mem 0xe0045180000-0xe0045187fff 64bit]
[    0.740062] pci 0000:00:04.1: BAR 0: assigned [mem 0xe0045188000-0xe004518ffff 64bit]
[    0.740066] pci 0000:00:05.0: BAR 0: assigned [mem 0xe0045190000-0xe0045197fff 64bit]
[    0.740069] pci 0000:00:05.1: BAR 0: assigned [mem 0xe0045198000-0xe004519ffff 64bit]
[    0.740073] pci 0000:00:08.0: BAR 0: assigned [mem 0xe00451a0000-0xe00451a1fff 64bit]
[    0.740077] pci 0000:00:08.1: BAR 0: assigned [mem 0xe00451a2000-0xe00451a3fff 64bit]
[    0.740081] pci 0000:00:08.2: BAR 0: assigned [mem 0xe00451a4000-0xe00451a5fff 64bit]
[    0.740085] pci 0000:00:0a.0: BAR 0: assigned [mem 0xe00451a6000-0xe00451a6fff 64bit]
[    0.740089] pci 0000:00:0a.0: BAR 13: assigned [io  0x4000-0x4fff]
[    0.740091] pci 0000:00:16.0: BAR 0: assigned [mem 0xe00451a7000-0xe00451a7fff 64bit]
[    0.740097] pci 0000:01:00.0: BAR 6: assigned [mem 0xe0045000000-0xe004500ffff pref]
[    0.740099] pci 0000:01:00.0: BAR 5: assigned [mem 0xe0045010000-0xe00450107ff]
[    0.740102] pci 0000:01:00.0: BAR 4: assigned [io  0x4000-0x401f]
[    0.740105] pci 0000:01:00.0: BAR 0: assigned [io  0x4020-0x4027]
[    0.740108] pci 0000:01:00.0: BAR 2: assigned [io  0x4028-0x402f]
[    0.740111] pci 0000:01:00.0: BAR 1: assigned [io  0x4030-0x4033]
[    0.740114] pci 0000:01:00.0: BAR 3: assigned [io  0x4034-0x4037]
[    0.740118] pci 0000:00:0a.0: PCI bridge to [bus 01]
[    0.740120] pci 0000:00:0a.0:   bridge window [io  0x4000-0x4fff]
[    0.740123] pci 0000:00:0a.0:   bridge window [mem 0xe0045000000-0xe00450fffff]
[    0.741094] pci 0000:00:06.1: vgaarb: setting as boot VGA device
[    0.741097] pci 0000:00:06.1: vgaarb: VGA device added: decodes=io+mem,owns=io+mem,locks=none
[    0.741100] pci 0000:00:06.1: vgaarb: bridge control possible
[    0.741101] vgaarb: loaded
[    0.741194] SCSI subsystem initialized
[    0.741258] libata version 3.00 loaded.
[    0.741379] ls-spi-pci 0000:00:16.0: can't derive routing for PCI INT A
[    0.741380] ls-spi-pci 0000:00:16.0: PCI INT A: no GSI
[    0.741456] ls-spi ls-spi.0: controller is unqueued, this is deprecated
[    0.741554] ACPI: bus type USB registered
[    0.741597] usbcore: registered new interface driver usbfs
[    0.741618] usbcore: registered new interface driver hub
[    0.741628] usbcore: registered new device driver usb
[    0.742548] pps_core: LinuxPPS API ver. 1 registered
[    0.742550] pps_core: Software ver. 5.3.6 - Copyright 2005-2007 Rodolfo Giometti <giometti@linux.it>
[    0.742564] PTP clock support registered
[    0.742615] Registered efivars operations
[    0.742701] Advanced Linux Sound Architecture Driver Initialized.
[    0.742942] clocksource: Switched to clocksource Constant
[    0.768513] VFS: Disk quotas dquot_6.6.0
[    0.768533] VFS: Dquot-cache hash table entries: 2048 (order 0, 16384 bytes)
[    0.768566] FS-Cache: Loaded
[    0.768610] pnp: PnP ACPI init
[    0.768773] pnp 00:00: Plug and Play ACPI device, IDs PNP0501 (active)
[    0.768817] pnp 00:01: Plug and Play ACPI device, IDs PNP0501 (active)
[    0.768853] pnp 00:02: Plug and Play ACPI device, IDs PNP0501 (active)
[    0.768887] pnp 00:03: Plug and Play ACPI device, IDs PNP0501 (active)
[    0.768920] pnp 00:04: Plug and Play ACPI device, IDs PNP0501 (active)
[    0.768939] pnp: PnP ACPI: found 5 devices
[    0.771491] NET: Registered protocol family 2
[    0.771658] tcp_listen_portaddr_hash hash table entries: 8192 (order: 3, 131072 bytes)
[    0.771689] TCP established hash table entries: 131072 (order: 6, 1048576 bytes)
[    0.771889] TCP bind hash table entries: 65536 (order: 6, 1048576 bytes)
[    0.772057] TCP: Hash tables configured (established 131072 bind 65536)
[    0.772091] UDP hash table entries: 8192 (order: 4, 262144 bytes)
[    0.772126] UDP-Lite hash table entries: 8192 (order: 4, 262144 bytes)
[    0.772195] NET: Registered protocol family 1
[    0.772294] RPC: Registered named UNIX socket transport module.
[    0.772296] RPC: Registered udp transport module.
[    0.772297] RPC: Registered tcp transport module.
[    0.772298] RPC: Registered tcp NFSv4.1 backchannel transport module.
[    0.772538] pci 0000:00:04.1: EHCI: unrecognized capability ff
[    0.772539] pci 0000:00:04.1: EHCI: unrecognized capability ff
[    0.772541] pci 0000:00:04.1: EHCI: unrecognized capability ff
[    0.772542] pci 0000:00:04.1: EHCI: unrecognized capability ff
[    0.772543] pci 0000:00:04.1: EHCI: unrecognized capability ff
[    0.772544] pci 0000:00:04.1: EHCI: unrecognized capability ff
[    0.772545] pci 0000:00:04.1: EHCI: unrecognized capability ff
[    0.772546] pci 0000:00:04.1: EHCI: unrecognized capability ff
[    0.772547] pci 0000:00:04.1: EHCI: unrecognized capability ff
[    0.772549] pci 0000:00:04.1: EHCI: unrecognized capability ff
[    0.772550] pci 0000:00:04.1: EHCI: unrecognized capability ff
[    0.772551] pci 0000:00:04.1: EHCI: unrecognized capability ff
[    0.772552] pci 0000:00:04.1: EHCI: unrecognized capability ff
[    0.772553] pci 0000:00:04.1: EHCI: unrecognized capability ff
[    0.772554] pci 0000:00:04.1: EHCI: unrecognized capability ff
[    0.772556] pci 0000:00:04.1: EHCI: unrecognized capability ff
[    0.772557] pci 0000:00:04.1: EHCI: unrecognized capability ff
[    0.772558] pci 0000:00:04.1: EHCI: unrecognized capability ff
[    0.772559] pci 0000:00:04.1: EHCI: unrecognized capability ff
[    0.772560] pci 0000:00:04.1: EHCI: unrecognized capability ff
[    0.772561] pci 0000:00:04.1: EHCI: unrecognized capability ff
[    0.772562] pci 0000:00:04.1: EHCI: unrecognized capability ff
[    0.772564] pci 0000:00:04.1: EHCI: unrecognized capability ff
[    0.772565] pci 0000:00:04.1: EHCI: unrecognized capability ff
[    0.772566] pci 0000:00:04.1: EHCI: unrecognized capability ff
[    0.772567] pci 0000:00:04.1: EHCI: unrecognized capability ff
[    0.772568] pci 0000:00:04.1: EHCI: unrecognized capability ff
[    0.772569] pci 0000:00:04.1: EHCI: unrecognized capability ff
[    0.772570] pci 0000:00:04.1: EHCI: unrecognized capability ff
[    0.772572] pci 0000:00:04.1: EHCI: unrecognized capability ff
[    0.772573] pci 0000:00:04.1: EHCI: unrecognized capability ff
[    0.772574] pci 0000:00:04.1: EHCI: unrecognized capability ff
[    0.772575] pci 0000:00:04.1: EHCI: unrecognized capability ff
[    0.772577] pci 0000:00:04.1: EHCI: unrecognized capability ff
[    0.772578] pci 0000:00:04.1: EHCI: unrecognized capability ff
[    0.772579] pci 0000:00:04.1: EHCI: unrecognized capability ff
[    0.772580] pci 0000:00:04.1: EHCI: unrecognized capability ff
[    0.772581] pci 0000:00:04.1: EHCI: unrecognized capability ff
[    0.772582] pci 0000:00:04.1: EHCI: unrecognized capability ff
[    0.772583] pci 0000:00:04.1: EHCI: unrecognized capability ff
[    0.772585] pci 0000:00:04.1: EHCI: unrecognized capability ff
[    0.772586] pci 0000:00:04.1: EHCI: unrecognized capability ff
[    0.772587] pci 0000:00:04.1: EHCI: unrecognized capability ff
[    0.772588] pci 0000:00:04.1: EHCI: unrecognized capability ff
[    0.772589] pci 0000:00:04.1: EHCI: unrecognized capability ff
[    0.772590] pci 0000:00:04.1: EHCI: unrecognized capability ff
[    0.772591] pci 0000:00:04.1: EHCI: unrecognized capability ff
[    0.772593] pci 0000:00:04.1: EHCI: unrecognized capability ff
[    0.772594] pci 0000:00:04.1: EHCI: unrecognized capability ff
[    0.772595] pci 0000:00:04.1: EHCI: unrecognized capability ff
[    0.772596] pci 0000:00:04.1: EHCI: unrecognized capability ff
[    0.772597] pci 0000:00:04.1: EHCI: unrecognized capability ff
[    0.772599] pci 0000:00:04.1: EHCI: unrecognized capability ff
[    0.772600] pci 0000:00:04.1: EHCI: unrecognized capability ff
[    0.772601] pci 0000:00:04.1: EHCI: unrecognized capability ff
[    0.772602] pci 0000:00:04.1: EHCI: unrecognized capability ff
[    0.772603] pci 0000:00:04.1: EHCI: unrecognized capability ff
[    0.772604] pci 0000:00:04.1: EHCI: unrecognized capability ff
[    0.772605] pci 0000:00:04.1: EHCI: unrecognized capability ff
[    0.772607] pci 0000:00:04.1: EHCI: unrecognized capability ff
[    0.772608] pci 0000:00:04.1: EHCI: unrecognized capability ff
[    0.772609] pci 0000:00:04.1: EHCI: unrecognized capability ff
[    0.772610] pci 0000:00:04.1: EHCI: unrecognized capability ff
[    0.772611] pci 0000:00:04.1: EHCI: capability loop?
[    0.772786] pci 0000:00:05.1: EHCI: unrecognized capability ff
[    0.772787] pci 0000:00:05.1: EHCI: unrecognized capability ff
[    0.772788] pci 0000:00:05.1: EHCI: unrecognized capability ff
[    0.772789] pci 0000:00:05.1: EHCI: unrecognized capability ff
[    0.772790] pci 0000:00:05.1: EHCI: unrecognized capability ff
[    0.772792] pci 0000:00:05.1: EHCI: unrecognized capability ff
[    0.772793] pci 0000:00:05.1: EHCI: unrecognized capability ff
[    0.772794] pci 0000:00:05.1: EHCI: unrecognized capability ff
[    0.772795] pci 0000:00:05.1: EHCI: unrecognized capability ff
[    0.772796] pci 0000:00:05.1: EHCI: unrecognized capability ff
[    0.772797] pci 0000:00:05.1: EHCI: unrecognized capability ff
[    0.772798] pci 0000:00:05.1: EHCI: unrecognized capability ff
[    0.772800] pci 0000:00:05.1: EHCI: unrecognized capability ff
[    0.772801] pci 0000:00:05.1: EHCI: unrecognized capability ff
[    0.772802] pci 0000:00:05.1: EHCI: unrecognized capability ff
[    0.772803] pci 0000:00:05.1: EHCI: unrecognized capability ff
[    0.772804] pci 0000:00:05.1: EHCI: unrecognized capability ff
[    0.772805] pci 0000:00:05.1: EHCI: unrecognized capability ff
[    0.772807] pci 0000:00:05.1: EHCI: unrecognized capability ff
[    0.772808] pci 0000:00:05.1: EHCI: unrecognized capability ff
[    0.772809] pci 0000:00:05.1: EHCI: unrecognized capability ff
[    0.772810] pci 0000:00:05.1: EHCI: unrecognized capability ff
[    0.772811] pci 0000:00:05.1: EHCI: unrecognized capability ff
[    0.772812] pci 0000:00:05.1: EHCI: unrecognized capability ff
[    0.772813] pci 0000:00:05.1: EHCI: unrecognized capability ff
[    0.772815] pci 0000:00:05.1: EHCI: unrecognized capability ff
[    0.772816] pci 0000:00:05.1: EHCI: unrecognized capability ff
[    0.772817] pci 0000:00:05.1: EHCI: unrecognized capability ff
[    0.772818] pci 0000:00:05.1: EHCI: unrecognized capability ff
[    0.772820] pci 0000:00:05.1: EHCI: unrecognized capability ff
[    0.772821] pci 0000:00:05.1: EHCI: unrecognized capability ff
[    0.772822] pci 0000:00:05.1: EHCI: unrecognized capability ff
[    0.772823] pci 0000:00:05.1: EHCI: unrecognized capability ff
[    0.772824] pci 0000:00:05.1: EHCI: unrecognized capability ff
[    0.772825] pci 0000:00:05.1: EHCI: unrecognized capability ff
[    0.772826] pci 0000:00:05.1: EHCI: unrecognized capability ff
[    0.772828] pci 0000:00:05.1: EHCI: unrecognized capability ff
[    0.772829] pci 0000:00:05.1: EHCI: unrecognized capability ff
[    0.772830] pci 0000:00:05.1: EHCI: unrecognized capability ff
[    0.772831] pci 0000:00:05.1: EHCI: unrecognized capability ff
[    0.772832] pci 0000:00:05.1: EHCI: unrecognized capability ff
[    0.772833] pci 0000:00:05.1: EHCI: unrecognized capability ff
[    0.772835] pci 0000:00:05.1: EHCI: unrecognized capability ff
[    0.772836] pci 0000:00:05.1: EHCI: unrecognized capability ff
[    0.772837] pci 0000:00:05.1: EHCI: unrecognized capability ff
[    0.772838] pci 0000:00:05.1: EHCI: unrecognized capability ff
[    0.772839] pci 0000:00:05.1: EHCI: unrecognized capability ff
[    0.772840] pci 0000:00:05.1: EHCI: unrecognized capability ff
[    0.772841] pci 0000:00:05.1: EHCI: unrecognized capability ff
[    0.772843] pci 0000:00:05.1: EHCI: unrecognized capability ff
[    0.772844] pci 0000:00:05.1: EHCI: unrecognized capability ff
[    0.772845] pci 0000:00:05.1: EHCI: unrecognized capability ff
[    0.772846] pci 0000:00:05.1: EHCI: unrecognized capability ff
[    0.772847] pci 0000:00:05.1: EHCI: unrecognized capability ff
[    0.772848] pci 0000:00:05.1: EHCI: unrecognized capability ff
[    0.772849] pci 0000:00:05.1: EHCI: unrecognized capability ff
[    0.772851] pci 0000:00:05.1: EHCI: unrecognized capability ff
[    0.772852] pci 0000:00:05.1: EHCI: unrecognized capability ff
[    0.772853] pci 0000:00:05.1: EHCI: unrecognized capability ff
[    0.772854] pci 0000:00:05.1: EHCI: unrecognized capability ff
[    0.772855] pci 0000:00:05.1: EHCI: unrecognized capability ff
[    0.772856] pci 0000:00:05.1: EHCI: unrecognized capability ff
[    0.772858] pci 0000:00:05.1: EHCI: unrecognized capability ff
[    0.772859] pci 0000:00:05.1: EHCI: capability loop?
[    0.772884] PCI: CLS 0 bytes, default 64
[    0.773434] SE-IRQ=31
[    0.773441] SE-IRQ-low=32
[    0.773468] Starting KVM with LOONGARCH VZ extensions
[    0.773943] Initialise system trusted keyrings
[    0.773990] workingset: timestamp_bits=40 max_order=20 bucket_order=0
[    0.775297] squashfs: version 4.0 (2009/01/31) Phillip Lougher
[    0.775437] NFS: Registering the id_resolver key type
[    0.775442] Key type id_resolver registered
[    0.775443] Key type id_legacy registered
[    0.775447] nfs4filelayout_init: NFSv4 File Layout Driver Registering...
[    0.775450] nfs4flexfilelayout_init: NFSv4 Flexfile Layout Driver Registering...
[    0.775452] Installing knfsd (copyright (C) 1996 okir@monad.swb.de).
[    0.775701] SGI XFS with security attributes, no debug enabled
[    0.775988] 9p: Installing v9fs 9p2000 file system support
[    1.065980] Key type asymmetric registered
[    1.065982] Asymmetric key parser 'x509' registered
[    1.065993] Block layer SCSI generic (bsg) driver version 0.4 loaded (major 250)
[    1.066023] io scheduler noop registered
[    1.066051] io scheduler cfq registered (default)
[    1.066052] io scheduler mq-deadline registered
[    1.066053] io scheduler kyber registered
[    1.066156] ls-pwm LOON0006:00: pwm->clock_frequency=50000000
[    1.066192] ls-pwm LOON0006:01: pwm->clock_frequency=50000000
[    1.066217] ls-pwm LOON0006:02: pwm->clock_frequency=50000000
[    1.066240] ls-pwm LOON0006:03: pwm->clock_frequency=50000000
[    1.066462] shpchp: Standard Hot Plug PCI Controller Driver version: 0.4
[    1.066602] input: Power Button as /devices/LNXSYSTM:00/LNXPWRBN:00/input/input0
[    1.066625] ACPI: Power Button [PWRF]
[    1.068201] Serial: 8250/16550 driver, 16 ports, IRQ sharing enabled
[    1.068235] 00:00: ttyS0 at MMIO 0x1fe001e0 (irq = 25, base_baud = 6250000) is a ST16650
[    1.088414] 00:01: ttyS1 at MMIO 0x10080000 (irq = 26, base_baud = 3125000) is a 16550A
[    1.108583] 00:02: ttyS2 at MMIO 0x10080100 (irq = 26, base_baud = 3125000) is a 16550A
[    1.128749] 00:03: ttyS3 at MMIO 0x10080200 (irq = 26, base_baud = 3125000) is a 16550A
[    1.148930] 00:04: ttyS4 at MMIO 0x10080300 (irq = 26, base_baud = 3125000) is a 16550A
[    1.149394] [drm] loongson kernel modesetting enabled.
[    1.149632] [drm] Get vbios from bios Success.
[    1.149634] [drm] Loongson vbios version 0.1
[    1.149654] [drm]    encoder0(BIOS) i2c:0
[    1.149655] [drm]    connector0:
[    1.149656] [drm]       Reading EDID via built-in I2C
[    1.149657] [drm]      Detect:SHOW
[    1.149658] [drm]    encoder1(BIOS) i2c:0
[    1.149658] [drm]    connector1:
[    1.149659] [drm]       Reading EDID via built-in I2C
[    1.149659] [drm]      Detect:SHOW
[    1.149761] [drm] io: 0xffff800023d08000, mmio: 0xe0045150000, size: 0x10000
[    1.149769] [drm] vram start: 0xe0040000000, size: 64M
[    1.149807] [TTM] Zone  kernel: Available graphics memory: 8268544 kiB
[    1.149808] [TTM] Zone   dma32: Available graphics memory: 2097152 kiB
[    1.149809] [TTM] Initializing pool allocator
[    1.149814] [TTM] Initializing DMA pool allocator
[    1.149846] [drm] Created dc-i2c0, sda=0, scl=1
[    1.149879] [drm] Register i2c algo-bit adapter [ls_dc_i2c0]
[    1.149881] [drm] Created dc-i2c1, sda=2, scl=3
[    1.149896] [drm] Register i2c algo-bit adapter [ls_dc_i2c1]
[    1.149911] [drm] No matching encoder chip 0x0, using default
[    1.149913] [drm] Parse resource:Encoder [0x00-unknown]:i2c0-0x00 irq(-1,-1)
[    1.149970] [drm] No matching encoder chip 0x0, using default
[    1.149971] [drm] Parse resource:Encoder [0x00-unknown]:i2c0-0x00 irq(-1,-1)
[    1.451194] Console: switching to colour frame buffer device 128x48
[    1.527859] loongson-drm 0000:00:06.1: fb0: loongsondrmfb frame buffer device
[    1.527913] [drm] Supports vblank timestamp caching Rev 2 (21.10.2013).
[    1.527914] [drm] No driver support for vblank timestamp query.
[    1.527915] [drm] drm vblank init finished
[    1.527932] [drm] loongson irq initialized
[    1.527943] [drm] Initialized loongson-drm 0.4.0 20180328 for 0000:00:06.1 on minor 0
[    1.529810] brd: module loaded
[    1.531506] loop: module loaded
[    1.531565] megaraid cmm: 2.20.2.7 (Release Date: Sun Jul 16 00:01:03 EST 2006)
[    1.531589] megaraid: 2.20.5.1 (Release Date: Thu Nov 16 15:32:35 EST 2006)
[    1.531603] megasas: 07.706.03.00-rc1
[    1.531621] mpt3sas version 26.100.00.00 loaded
[    1.531881] ahci 0000:00:08.0: version 3.0
[    1.532002] ahci 0000:00:08.0: SSS flag set, parallel bus scan disabled
[    1.532017] ahci 0000:00:08.0: AHCI 0001.0300 32 slots 1 ports 3 Gbps 0x1 impl SATA mode
[    1.532020] ahci 0000:00:08.0: flags: 64bit ncq sntf stag pm led clo only pmp pio slum part ccc apst
[    1.532183] scsi host0: ahci
[    1.532265] ata1: SATA max UDMA/133 abar m8192@0xe00451a0000 port 0xe00451a0100 irq 36
[    1.532386] ahci 0000:00:08.1: SSS flag set, parallel bus scan disabled
[    1.532395] ahci 0000:00:08.1: AHCI 0001.0300 32 slots 1 ports 3 Gbps 0x1 impl SATA mode
[    1.532397] ahci 0000:00:08.1: flags: 64bit ncq sntf stag pm led clo only pmp pio slum part ccc apst
[    1.532526] scsi host1: ahci
[    1.532579] ata2: SATA max UDMA/133 abar m8192@0xe00451a2000 port 0xe00451a2100 irq 37
[    1.532706] ahci 0000:00:08.2: SSS flag set, parallel bus scan disabled
[    1.532715] ahci 0000:00:08.2: AHCI 0001.0300 32 slots 1 ports 3 Gbps 0x1 impl SATA mode
[    1.532717] ahci 0000:00:08.2: flags: 64bit ncq sntf stag pm led clo only pmp pio slum part ccc apst
[    1.532867] scsi host2: ahci
[    1.532923] ata3: SATA max UDMA/133 abar m8192@0xe00451a4000 port 0xe00451a4100 irq 38
[    1.543166] ahci 0000:01:00.0: AHCI 0001.0000 32 slots 4 ports 6 Gbps 0xf impl SATA mode
[    1.543169] ahci 0000:01:00.0: flags: 64bit ncq sntf led only pmp fbs pio slum part sxs
[    1.543541] scsi host3: ahci
[    1.543623] scsi host4: ahci
[    1.543704] scsi host5: ahci
[    1.543781] scsi host6: ahci
[    1.543829] ata4: SATA max UDMA/133 abar m2048@0xe0045010000 port 0xe0045010100 irq 39
[    1.543831] ata5: SATA max UDMA/133 abar m2048@0xe0045010000 port 0xe0045010180 irq 39
[    1.543833] ata6: SATA max UDMA/133 abar m2048@0xe0045010000 port 0xe0045010200 irq 39
[    1.543834] ata7: SATA max UDMA/133 abar m2048@0xe0045010000 port 0xe0045010280 irq 39
[    1.544066] libphy: Fixed MDIO Bus: probed
[    1.544086] e1000: Intel(R) PRO/1000 Network Driver - version 7.3.21-k8-NAPI
[    1.544087] e1000: Copyright (c) 1999-2006 Intel Corporation.
[    1.544102] e1000e: Intel(R) PRO/1000 Network Driver - 3.2.6-k
[    1.544103] e1000e: Copyright(c) 1999 - 2015 Intel Corporation.
[    1.544119] igb: Intel(R) Gigabit Ethernet Network Driver - version 5.4.0-k
[    1.544120] igb: Copyright (c) 2007-2014 Intel Corporation.
[    1.544133] ixgbe: Intel(R) 10 Gigabit PCI Express Network Driver - version 5.1.0-k
[    1.544134] ixgbe: Copyright (c) 1999-2016 Intel Corporation.
[    1.544175] ixgb: Intel(R) PRO/10GbE Network Driver - version 1.0.135-k2-NAPI
[    1.544176] ixgb: Copyright (c) 1999-2008 Intel Corporation.
[    1.544356] stmmaceth 0000:00:03.0: User ID: 0xd1, Synopsys ID: 0x37
[    1.544359] stmmaceth 0000:00:03.0:  DWMAC1000
[    1.544362] stmmaceth 0000:00:03.0: DMA HW capability register supported
[    1.544363] stmmaceth 0000:00:03.0: RX Checksum Offload Engine supported
[    1.544365] stmmaceth 0000:00:03.0: COE Type 2
[    1.544366] stmmaceth 0000:00:03.0: TX Checksum insertion supported
[    1.544367] stmmaceth 0000:00:03.0: Wake-Up On Lan supported
[    1.544369] stmmaceth 0000:00:03.0: Enhanced/Alternate descriptors
[    1.544370] stmmaceth 0000:00:03.0: Enabled extended descriptors
[    1.544371] stmmaceth 0000:00:03.0: Ring mode enabled
[    1.544372] stmmaceth 0000:00:03.0: Enable RX Mitigation via HW Watchdog Timer
[    1.544377] stmmaceth 0000:00:03.0 (unnamed net_device) (uninitialized): device MAC address 00:23:a0:00:29:38
[    1.550956] libphy: stmmac: probed
[    1.550959] mdio_bus stmmac-18:00: attached PHY driver [unbound] (mii_bus:phy_addr=stmmac-18:00, irq=POLL)
[    1.551205] stmmaceth 0000:00:03.1: User ID: 0xd1, Synopsys ID: 0x37
[    1.551207] stmmaceth 0000:00:03.1:  DWMAC1000
[    1.551209] stmmaceth 0000:00:03.1: DMA HW capability register supported
[    1.551210] stmmaceth 0000:00:03.1: RX Checksum Offload Engine supported
[    1.551212] stmmaceth 0000:00:03.1: COE Type 2
[    1.551213] stmmaceth 0000:00:03.1: TX Checksum insertion supported
[    1.551214] stmmaceth 0000:00:03.1: Wake-Up On Lan supported
[    1.551215] stmmaceth 0000:00:03.1: Enhanced/Alternate descriptors
[    1.551216] stmmaceth 0000:00:03.1: Enabled extended descriptors
[    1.551217] stmmaceth 0000:00:03.1: Ring mode enabled
[    1.551218] stmmaceth 0000:00:03.1: Enable RX Mitigation via HW Watchdog Timer
[    1.551221] stmmaceth 0000:00:03.1 (unnamed net_device) (uninitialized): device MAC address 00:23:a0:00:29:39
[    1.557823] libphy: stmmac: probed
[    1.557825] mdio_bus stmmac-19:00: attached PHY driver [unbound] (mii_bus:phy_addr=stmmac-19:00, irq=POLL)
[    1.557990] ehci_hcd: USB 2.0 'Enhanced' Host Controller (EHCI) Driver
[    1.557992] ehci-pci: EHCI PCI platform driver
[    1.558030] ehci-pci 0000:00:04.1: EHCI Host Controller
[    1.558070] ehci-pci 0000:00:04.1: new USB bus registered, assigned bus number 1
[    1.558094] ehci-pci 0000:00:04.1: cache line size of 64 is not supported
[    1.558105] ehci-pci 0000:00:04.1: irq 28, io mem 0xe0045188000
[    1.570943] ehci-pci 0000:00:04.1: USB f.f started, EHCI 1.00
[    1.571105] hub 1-0:1.0: USB hub found
[    1.571114] hub 1-0:1.0: 3 ports detected
[    1.571407] ehci-pci 0000:00:05.1: EHCI Host Controller
[    1.571445] ehci-pci 0000:00:05.1: new USB bus registered, assigned bus number 2
[    1.571461] ehci-pci 0000:00:05.1: cache line size of 64 is not supported
[    1.571471] ehci-pci 0000:00:05.1: irq 30, io mem 0xe0045198000
[    1.590943] ehci-pci 0000:00:05.1: USB f.f started, EHCI 1.00
[    1.591062] hub 2-0:1.0: USB hub found
[    1.591069] hub 2-0:1.0: 3 ports detected
[    1.591303] ehci-platform: EHCI generic platform driver
[    1.591316] ohci_hcd: USB 1.1 'Open' Host Controller (OHCI) Driver
[    1.591320] ohci-pci: OHCI PCI platform driver
[    1.591340] ohci-pci 0000:00:04.0: OHCI PCI host controller
[    1.591376] ohci-pci 0000:00:04.0: new USB bus registered, assigned bus number 3
[    1.591399] ohci-pci 0000:00:04.0: irq 27, io mem 0xe0045180000
[    1.655074] hub 3-0:1.0: USB hub found
[    1.655081] hub 3-0:1.0: 3 ports detected
[    1.655305] ohci-pci 0000:00:05.0: OHCI PCI host controller
[    1.655341] ohci-pci 0000:00:05.0: new USB bus registered, assigned bus number 4
[    1.655362] ohci-pci 0000:00:05.0: irq 29, io mem 0xe0045190000
[    1.719071] hub 4-0:1.0: USB hub found
[    1.719077] hub 4-0:1.0: 3 ports detected
[    1.719296] ohci-platform: OHCI generic platform driver
[    1.719347] i8042: PNP: No PS/2 controller found.
[    1.719402] mousedev: PS/2 mouse device common for all mice
[    1.721394] rtc rtc0: invalid alarm value: 1961-7-31 31:63:55
[    1.721429] ls2x-rtc LOON0001:00: rtc core: registered LOON0001:00 as rtc0
[    1.724867] rtc-efi rtc-efi: rtc core: registered rtc-efi as rtc1
[    1.724875] i2c /dev entries driver
[    1.725135] device-mapper: ioctl: 4.39.0-ioctl (2018-04-03) initialised: dm-devel@redhat.com
[    1.725171] hidraw: raw HID events driver (C) Jiri Kosina
[    1.725198] usbcore: registered new interface driver usbhid
[    1.725199] usbhid: USB HID core driver
[    1.725218] Loongson Hwmon Enter...
[    1.725220] (NULL device *): hwmon_device_register() is deprecated. Please convert the driver to use hwmon_device_register_with_info().
[    1.725237] Initial CPU temperature is 50000 (highest).
[    1.725381] loongson_generic_laptop: Not yet supported Loongson Generic Laptop/All-in-one detected!
[    1.725754] Initializing XFRM netlink socket
[    1.725862] NET: Registered protocol family 10
[    1.726108] Segment Routing with IPv6
[    1.726149] sit: IPv6, IPv4 and MPLS over IPv4 tunneling driver
[    1.726267] NET: Registered protocol family 17
[    1.726273] NET: Registered protocol family 15
[    1.726334] NET: Registered protocol family 21
[    1.726363] 9pnet: Installing 9P2000 support
[    1.726377] NET: Registered protocol family 37
[    1.726386] Key type dns_resolver registered
[    1.726547] Loading compiled-in X.509 certificates
[    1.726772] Btrfs loaded, crc32c=crc32c-generic
[    1.727445] ls2x-rtc LOON0001:00: setting system clock to 2022-01-17 11:30:33 UTC (1642419033)
[    1.845055] ata1: SATA link down (SStatus 0 SControl 300)
[    1.845058] ata3: SATA link down (SStatus 0 SControl 300)
[    1.856203] ata6: SATA link down (SStatus 0 SControl 300)
[    1.861067] ata5: SATA link down (SStatus 0 SControl 300)
[    1.861085] ata4: SATA link down (SStatus 0 SControl 300)
[    1.861106] ata7: SATA link down (SStatus 0 SControl 300)
[    1.930286] random: crng init done
[    2.002948] ata2: SATA link up 3.0 Gbps (SStatus 123 SControl 300)
[    2.003089] ata2.00: ACPI cmd ef/02:00:00:00:00:a0 (SET FEATURES) succeeded
[    2.003093] ata2.00: ACPI cmd ef/10:03:00:00:00:a0 (SET FEATURES) filtered out
[    2.003161] ata2.00: ATA-11: SATA SSD, 20120301, max UDMA/133
[    2.003162] ata2.00: 250069680 sectors, multi 16: LBA48 NCQ (depth 32), AA
[    2.003284] ata2.00: ACPI cmd ef/02:00:00:00:00:a0 (SET FEATURES) succeeded
[    2.003286] ata2.00: ACPI cmd ef/10:03:00:00:00:a0 (SET FEATURES) filtered out
[    2.003354] ata2.00: configured for UDMA/133
[    2.003486] scsi 1:0:0:0: Direct-Access     ATA      SATA SSD         0301 PQ: 0 ANSI: 5
[    2.003650] sd 1:0:0:0: Attached scsi generic sg0 type 0
[    2.003674] sd 1:0:0:0: [sda] 250069680 512-byte logical blocks: (128 GB/119 GiB)
[    2.003684] sd 1:0:0:0: [sda] Write Protect is off
[    2.003686] sd 1:0:0:0: [sda] Mode Sense: 00 3a 00 00
[    2.003696] sd 1:0:0:0: [sda] Write cache: enabled, read cache: enabled, doesn't support DPO or FUA
[    2.004086]  sda: sda1 sda2
[    2.004330] sd 1:0:0:0: [sda] Attached SCSI disk
[    2.027478] loongson3_acpi_cpufreq: loongson3_cpufreq_init failed!
[    2.027489] ALSA device list:
[    2.027490]   No soundcards found.
[    2.030921] EXT4-fs (sda2): mounted filesystem with ordered data mode. Opts: (null)
[    2.030934] VFS: Mounted root (ext4 filesystem) readonly on device 8:2.
[    2.031853] devtmpfs: mounted
[    2.031909] Freeing unused kernel memory: 672K
[    2.031910] This architecture does not have kernel memory protection.
[    2.031913] Run /sbin/init as init process
[    2.142107] systemd[1]: systemd 241 running in system mode. (+PAM +AUDIT +SELINUX +IMA +APPARMOR +SMACK +SYSVINIT +UTMP +LIBCRYPTSETUP +GCRYPT +GNUTLS +ACL +XZ +LZ4
 -SECCOMP +BLKID +ELFUTILS +KMOD -IDN2 +IDN -PCRE2 default-hierarchy=hybrid)
[    2.142283] systemd[1]: Detected architecture loongarch64.
[    2.143362] systemd[1]: Set hostname to <loongson-pc>.
[    2.240521] systemd[1]: File /lib/systemd/system/systemd-journald.service:12 configures an IP firewall (IPAddressDeny=any), but the local system does not support BP
F/cgroup based firewalling.
[    2.240525] systemd[1]: Proceeding WITHOUT firewalling in effect! (This warning is only shown for the first loaded unit using IP firewalling.)
[    2.247456] systemd[1]: /lib/systemd/system/auditd.service:11: PIDFile= references path below legacy directory /var/run/, updating /var/run/auditd.pid â†’ /run/auditd
.pid; please update the unit file accordingly.
[    2.303378] systemd[1]: Listening on Journal Socket.
[    2.303445] systemd[1]: Reached target User and Group Name Lookups.
[    2.304721] systemd[1]: Starting Availability of block devices...
[    2.304856] systemd[1]: Listening on udev Control Socket.
[    2.398045] EXT4-fs (sda2): re-mounted. Opts: discard
[    2.414549] systemd-journald[1313]: Received request to flush runtime journal from PID 1
[    2.536551] stmmaceth 0000:00:03.1 enp0s3f1: renamed from eth1
[    2.555952] stmmaceth 0000:00:03.0 enp0s3f0: renamed from eth0
[    2.883589] Adding 17057776k swap on /dev/sda1.  Priority:-2 extents:1 across:17057776k SSDsc
[    3.933490] IPv6: ADDRCONF(NETDEV_UP): enp0s3f0: link is not ready
[    3.934073] Generic PHY stmmac-18:00: attached PHY driver [Generic PHY] (mii_bus:phy_addr=stmmac-18:00, irq=POLL)
[    3.934401] stmmaceth 0000:00:03.0 enp0s3f0: No Safety Features support found
[    3.934406] stmmaceth 0000:00:03.0 enp0s3f0: IEEE 1588-2008 Advanced Timestamp supported
[    3.935006] stmmaceth 0000:00:03.0 enp0s3f0: registered PTP clock
[    3.935109] IPv6: ADDRCONF(NETDEV_UP): enp0s3f0: link is not ready
[    4.005347] IPv6: ADDRCONF(NETDEV_UP): enp0s3f1: link is not ready
[    4.008339] Generic PHY stmmac-19:00: attached PHY driver [Generic PHY] (mii_bus:phy_addr=stmmac-19:00, irq=POLL)
[    4.014948] stmmaceth 0000:00:03.1 enp0s3f1: No Safety Features support found
[    4.014954] stmmaceth 0000:00:03.1 enp0s3f1: IEEE 1588-2008 Advanced Timestamp supported
[    4.015032] stmmaceth 0000:00:03.1 enp0s3f1: registered PTP clock
[    4.015135] IPv6: ADDRCONF(NETDEV_UP): enp0s3f1: link is not ready
[    5.023607] stmmaceth 0000:00:03.1 enp0s3f1: Link is Up - 100Mbps/Full - flow control rx/tx
[    5.023629] IPv6: ADDRCONF(NETDEV_CHANGE): enp0s3f1: link becomes ready
[56926.308465] kvm [7130]: [0x900000000150cf68] HYPCALL 0x5
