[    0.000000] Linux version 4.19.167 (loongson@loongson-pc) (gcc version 8.3.0 (Debian 8.3.0-6.lnd.vec.20)) #45 SMP Sun Jun 6 16:50:57 CST 2021
[    0.000000] bootconsole [early0] enabled
[    0.000000] Generic 64-bit Loongson Processor probed
[    0.000000] Determined physical RAM map:
[    0.000000]  memory: 00000000010d4000 @ 0000000000200000 (usable)
[    0.000000]  memory: 000000000006c000 @ 00000000012d4000 (usable after init)
[    0.000000] efi:  ACPI 2.0=0xfd2f4000  SMBIOS=0x900000000fffe000  SMBIOS 3.0=0x90000000fd132000 
[    0.000000] ACPI: Early table checksum verification disabled
[    0.000000] ACPI: RSDP 0x00000000FD2F4000 000024 (v02 LOONGS)
[    0.000000] ACPI: XSDT 0x00000000FD2F3000 000044 (v01 LOONGS TP-R00   00000004      01000013)
[    0.000000] ACPI: FACP 0x00000000FD2F0000 0000F4 (v03 LOONGS TP-R00   00000004 PTEC 20160527)
[    0.000000] ACPI: DSDT 0x00000000FD2EE000 001A9C (v02 LGSON  TP-R00   00000476 INTL 20160527)
[    0.000000] ACPI: FACS 0x00000000FD2F1000 000040
[    0.000000] ACPI: APIC 0x00000000FD2F2000 00005E (v01 LOONGS LOONGSON 00000001 LIUX 00000000)
[    0.000000] ACPI: SRAT 0x00000000FD2ED000 0000C0 (v02 LOONGS LOONGSON 00000002 LIUX 01000013)
[    0.000000] ACPI: SLIT 0x00000000FD2EC000 00002D (v01 LOONGS LOONGSON 00000002 LIUX 01000013)
[    0.000000] huxueshi:acpi_parse_lapic before 
[    0.000000] ACPI: huxueshi:acpi_table_print_madt_entry 0
[    0.000000] huxueshi:acpi_parse_lapic after 
[    0.000000] huxueshi:acpi_parse_lapic before 
[    0.000000] ACPI: huxueshi:acpi_table_print_madt_entry 0
[    0.000000] huxueshi:acpi_parse_lapic after 
[    0.000000] huxueshi:acpi_parse_lapic before 
[    0.000000] ACPI: huxueshi:acpi_table_print_madt_entry 0
[    0.000000] huxueshi:acpi_parse_lapic after 
[    0.000000] huxueshi:acpi_parse_lapic before 
[    0.000000] ACPI: huxueshi:acpi_table_print_madt_entry 0
[    0.000000] huxueshi:acpi_parse_lapic after 
[    0.000000] ACPI: huxueshi:acpi_table_print_madt_entry 1
[    0.000000] PCH_PIC[0]: pch_pic_id 0, version 0, address 0xe0010000000, IRQ 64-127
[    0.000000] huxueshi:prom_init !cpu_has_hypervisor
[    0.000000] SRAT: PXM 0 -> CPU 0x00 -> Node 0
[    0.000000] SRAT: PXM 0 -> CPU 0x01 -> Node 0
[    0.000000] SRAT: PXM 0 -> CPU 0x02 -> Node 0
[    0.000000] SRAT: PXM 0 -> CPU 0x03 -> Node 0
[    0.000000] SRAT: Node 0 PXM 0 [mem 0x00000000-0x0fffffff]
[    0.000000] SRAT: Node 0 PXM 0 [mem 0x90000000-0x47fffffff]
[    0.000000] Debug: node_id:0, mem_start:0x200000, mem_size:0xee00000 Bytes
[    0.000000]        start_pfn:0x80, end_pfn:0x3c00, num_physpages:0x3b80
[    0.000000] Debug: mem_type:2, mem_start:0xf000000, mem_size:0x1000000 Bytes
[    0.000000] Debug: mem_type:2, mem_start:0x90000000, mem_size:0x200000 Bytes
[    0.000000] Debug: node_id:0, mem_start:0x90200000, mem_size:0x2fe00000 Bytes
[    0.000000]        start_pfn:0x24080, end_pfn:0x30000, num_physpages:0xfb00
[    0.000000] Debug: node_id:0, mem_start:0xff000000, mem_size:0x381000000 Bytes
[    0.000000]        start_pfn:0x3fc00, end_pfn:0x120000, num_physpages:0xeff00
[    0.000000] Debug: node_id:0, mem_start:0xc0020000, mem_size:0x3d108000 Bytes
[    0.000000]        start_pfn:0x30008, end_pfn:0x3f44a, num_physpages:0xff342
[    0.000000] Debug: node_id:0, mem_start:0xfd134000, mem_size:0x1b8000 Bytes
[    0.000000]        start_pfn:0x3f44d, end_pfn:0x3f4bb, num_physpages:0xff3b0
[    0.000000] Debug: node_id:0, mem_start:0xfd388000, mem_size:0x1080000 Bytes
[    0.000000]        start_pfn:0x3f4e2, end_pfn:0x3f902, num_physpages:0xff7d0
[    0.000000] Debug: node_id:0, mem_start:0xfe460000, mem_size:0xba0000 Bytes
[    0.000000]        start_pfn:0x3f918, end_pfn:0x3fc00, num_physpages:0xffab8
[    0.000000] Debug: mem_type:2, mem_start:0xfd128000, mem_size:0xb000 Bytes
[    0.000000] Debug: mem_type:2, mem_start:0xfd2f5000, mem_size:0x93000 Bytes
[    0.000000] Debug: mem_type:2, mem_start:0xfe408000, mem_size:0x58000 Bytes
[    0.000000] Node0's addrspace_offset is 0x0
[    0.000000] Node0: start_pfn=0x80, end_pfn=0x120000
[    0.000000] SMBIOS 3.2.0 present.
[    0.000000] DMI: Loongson Loongson-LS3A5000-7A1000-1w-V0.1-CRB/Loongson-LS3A5000-7A1000-1w-EVB-V1.21, BIOS Loongson-UDK2018-V2.0.04073-beta2 03/
[    0.000000] CpuClock = 2300000000
[    0.000000] The BIOS Version: Loongson-UDK2018-V2.0.04073-beta2
[    0.000000] irq: no irq domain found for <no-node> !
[    0.000000] irq: huxueshi:irq_create_fwspec_mapping no irq domain found
[    0.000000] CPU0 revision is: 0014c010 (Loongson-64bit)
[    0.000000] FPU0 revision is: 00000000
[    0.000000] Initial ramdisk at: 0x90000000fbaa0000 (9866605 bytes)
[    0.000000] software IO TLB: mapped [mem 0x023f8000-0x063f8000] (64MB)
[    0.000000] PM: Registered nosave memory: [mem 0x01240000-0x01243fff]
[    0.000000] SMP: Allowing 4 CPUs, 0 hotplug CPUs
[    0.000000] Primary instruction cache 64kB, 4-way, VIPT, linesize 64 bytes.
[    0.000000] Primary data cache 64kB, 4-way, VIPT, no aliases, linesize 64 bytes
[    0.000000] Unified victim cache 256kB 16-way, linesize 64 bytes.
[    0.000000] Unified secondary cache 16384kB 16-way, linesize 64 bytes.
[    0.000000] Zone ranges:
[    0.000000]   DMA32    [mem 0x0000000000200000-0x00000000ffffffff]
[    0.000000]   Normal   [mem 0x0000000100000000-0x000000047fffffff]
[    0.000000] Movable zone start for each node
[    0.000000] Early memory node ranges
[    0.000000]   node   0: [mem 0x0000000000200000-0x000000000effffff]
[    0.000000]   node   0: [mem 0x0000000090200000-0x00000000bfffffff]
[    0.000000]   node   0: [mem 0x00000000c0020000-0x00000000fd127fff]
[    0.000000]   node   0: [mem 0x00000000fd134000-0x00000000fd2ebfff]
[    0.000000]   node   0: [mem 0x00000000fd388000-0x00000000fe407fff]
[    0.000000]   node   0: [mem 0x00000000fe460000-0x000000047fffffff]
[    0.000000] Zeroed struct page in unavailable ranges: 1352 pages
[    0.000000] Initmem setup node 0 [mem 0x0000000000200000-0x000000047fffffff]
[    0.000000] On node 0 totalpages: 1047224
[    0.000000]   DMA32 zone: 507 pages used for memmap
[    0.000000]   DMA32 zone: 0 pages reserved
[    0.000000]   DMA32 zone: 129720 pages, LIFO batch:15
[    0.000000]   Normal zone: 3584 pages used for memmap
[    0.000000]   Normal zone: 917504 pages, LIFO batch:15
[    0.000000] percpu: Embedded 5 pages/cpu s43856 r8192 d29872 u8388608
[    0.000000] pcpu-alloc: s43856 r8192 d29872 u8388608 alloc=1*33554432
[    0.000000] pcpu-alloc: [0] 0 1 2 3 
[    0.000000] CPU0 __my_cpu_offset: 476cd0000
[    0.000000] Built 1 zonelists, mobility grouping on.  Total pages: 1043133
[    0.000000] Policy zone: Normal
[    0.000000] Kernel command line: root=UUID=e0289ba3-2285-418a-9068-e98d5800315f ro quiet splash resume=UUID=55c58fde-a5a4-4aee-8cdc-dfc69748ed03 console=ttyS0,115200 log_buf_len=10M nokaslr rd_start=0x90000000fbaa0000 rd_size=0x968d6d e1000e.InterruptThrottleRate=4,4,4,4
[    0.000000] log_buf_len: 16777216 bytes
[    0.000000] early log buf free: 58272(88%)
[    0.000000] Memory: 16530384K/16755584K available (13209K kernel code, 614K rwdata, 3392K rodata, 432K init, 17109K bss, 225200K reserved, 0K cma-reserved)
[    0.000000] SLUB: HWalign=64, Order=0-3, MinObjects=0, CPUs=4, Nodes=1
[    0.000000] rcu: Hierarchical RCU implementation.
[    0.000000] rcu: 	RCU restricting CPUs from NR_CPUS=64 to nr_cpu_ids=4.
[    0.000000] rcu: Adjusting geometry for rcu_fanout_leaf=16, nr_cpu_ids=4
[    0.000000] NR_IRQS: 320, nr_irqs: 320, preallocated irqs: 16
[    0.000000] irq: Added domain unknown-1
[    0.000000] irq: irq_domain_associate_many(<no-node>, irqbase=50, hwbase=0, count=14)
[    0.000000] __irq_set_handler 50
[    0.000000] CPU: 0 PID: 0 Comm: swapper/0 Not tainted 4.19.167 #45
[    0.000000] Hardware name: Loongson Loongson-LS3A5000-7A1000-1w-V0.1-CRB/Loongson-LS3A5000-7A1000-1w-EVB-V1.21, BIOS Loongson-UDK2018-V2.0.04073-beta2 03/
[    0.000000] Stack : 0000000000000071 9000000000ec3948 900000000123c000 900000000123fb30
[    0.000000]         0000000000000000 900000000123fb30 0000000000000000 9000000001369b48
[    0.000000]         9000000001369b40 0000000000000000 9000000001359302 000000000000008e
[    0.000000]         0000000000000000 9000000001261298 0000000000000001 0000000000000071
[    0.000000]         900000047aef8000 0000000000000000 0000000000000000 0000000000000001
[    0.000000]         0000000000000071 0000000476cd0000 0000000000000000 0000000000000000
[    0.000000]         00000000000000b0 0000000000000000 0000000000000000 0000000000000032
[    0.000000]         0000000000000000 0000000000000000 0000000000000000 0000000000000000
[    0.000000]         0000000000000000 0000000000000000 0000000000000000 0000000000000000
[    0.000000]         0000000000000000 900000000020866c 0000000000000000 00000000000000b0
[    0.000000]         ...
[    0.000000] Call Trace:
[    0.000000] [<900000000020866c>] show_stack+0x2c/0x100
[    0.000000] [<9000000000ec3948>] dump_stack+0x90/0xc0
[    0.000000] [<90000000002a0da8>] irq_domain_set_mapping+0x34/0xcc
[    0.000000] [<900000000029f488>] irq_domain_associate+0x178/0x1b0
[    0.000000] [<90000000002a0edc>] irq_domain_associate_many+0x9c/0xc8
[    0.000000] [<900000000029f614>] irq_domain_add_legacy+0x7c/0x80
[    0.000000] [<90000000012f3d2c>] __loongarch_cpu_irq_init+0x94/0xc8
[    0.000000] [<90000000012d8364>] setup_IRQ+0x14/0x110
[    0.000000] [<90000000012d847c>] arch_init_irq+0x1c/0x98
[    0.000000] [<90000000012d9cdc>] init_IRQ+0x4c/0xd4
[    0.000000] [<90000000012d4908>] start_kernel+0x274/0x454
[    0.000000] irq: irq_domain_set_mapping  hwirq=0 virq=50
[    0.000000] __irq_set_handler 51
[    0.000000] CPU: 0 PID: 0 Comm: swapper/0 Not tainted 4.19.167 #45
[    0.000000] Hardware name: Loongson Loongson-LS3A5000-7A1000-1w-V0.1-CRB/Loongson-LS3A5000-7A1000-1w-EVB-V1.21, BIOS Loongson-UDK2018-V2.0.04073-beta2 03/
[    0.000000] Stack : 000000000000008c 9000000000ec3948 900000000123c000 900000000123fb30
[    0.000000]         0000000000000000 900000000123fb30 0000000000000000 9000000001369b48
[    0.000000]         9000000001369b40 0000000000000000 9000000001359302 000000000000008e
[    0.000000]         0000000000000000 9000000001261298 0000000000000001 000000000000008c
[    0.000000]         900000047aef8000 0000000000000000 0000000000000000 0000000000000001
[    0.000000]         000000000000008c 0000000476cd0000 0000000000000000 0000000000000000
[    0.000000]         00000000000000b0 0000000000000000 0000000000000000 0000000000000033
[    0.000000]         0000000000000000 0000000000000000 0000000000000000 0000000000000000
[    0.000000]         0000000000000000 0000000000000000 0000000000000000 0000000000000000
[    0.000000]         0000000000000000 900000000020866c 0000000000000000 00000000000000b0
[    0.000000]         ...
[    0.000000] Call Trace:
[    0.000000] [<900000000020866c>] show_stack+0x2c/0x100
[    0.000000] [<9000000000ec3948>] dump_stack+0x90/0xc0
[    0.000000] [<90000000002a0da8>] irq_domain_set_mapping+0x34/0xcc
[    0.000000] [<900000000029f488>] irq_domain_associate+0x178/0x1b0
[    0.000000] [<90000000002a0edc>] irq_domain_associate_many+0x9c/0xc8
[    0.000000] [<900000000029f614>] irq_domain_add_legacy+0x7c/0x80
[    0.000000] [<90000000012f3d2c>] __loongarch_cpu_irq_init+0x94/0xc8
[    0.000000] [<90000000012d8364>] setup_IRQ+0x14/0x110
[    0.000000] [<90000000012d847c>] arch_init_irq+0x1c/0x98
[    0.000000] [<90000000012d9cdc>] init_IRQ+0x4c/0xd4
[    0.000000] [<90000000012d4908>] start_kernel+0x274/0x454
[    0.000000] irq: irq_domain_set_mapping  hwirq=1 virq=51
[    0.000000] __irq_set_handler 52
[    0.000000] CPU: 0 PID: 0 Comm: swapper/0 Not tainted 4.19.167 #45
[    0.000000] Hardware name: Loongson Loongson-LS3A5000-7A1000-1w-V0.1-CRB/Loongson-LS3A5000-7A1000-1w-EVB-V1.21, BIOS Loongson-UDK2018-V2.0.04073-beta2 03/
[    0.000000] Stack : 00000000000000a7 9000000000ec3948 900000000123c000 900000000123fb30
[    0.000000]         0000000000000000 900000000123fb30 0000000000000000 9000000001369b48
[    0.000000]         9000000001369b40 0000000000000000 9000000001359302 000000000000008e
[    0.000000]         0000000000000000 9000000001261298 0000000000000001 00000000000000a7
[    0.000000]         900000047aef8000 0000000000000000 0000000000000000 0000000000000001
[    0.000000]         00000000000000a7 0000000476cd0000 0000000000000000 0000000000000000
[    0.000000]         00000000000000b0 0000000000000000 0000000000000000 0000000000000034
[    0.000000]         0000000000000000 0000000000000000 0000000000000000 0000000000000000
[    0.000000]         0000000000000000 0000000000000000 0000000000000000 0000000000000000
[    0.000000]         0000000000000000 900000000020866c 0000000000000000 00000000000000b0
[    0.000000]         ...
[    0.000000] Call Trace:
[    0.000000] [<900000000020866c>] show_stack+0x2c/0x100
[    0.000000] [<9000000000ec3948>] dump_stack+0x90/0xc0
[    0.000000] [<90000000002a0da8>] irq_domain_set_mapping+0x34/0xcc
[    0.000000] [<900000000029f488>] irq_domain_associate+0x178/0x1b0
[    0.000000] [<90000000002a0edc>] irq_domain_associate_many+0x9c/0xc8
[    0.000000] [<900000000029f614>] irq_domain_add_legacy+0x7c/0x80
[    0.000000] [<90000000012f3d2c>] __loongarch_cpu_irq_init+0x94/0xc8
[    0.000000] [<90000000012d8364>] setup_IRQ+0x14/0x110
[    0.000000] [<90000000012d847c>] arch_init_irq+0x1c/0x98
[    0.000000] [<90000000012d9cdc>] init_IRQ+0x4c/0xd4
[    0.000000] [<90000000012d4908>] start_kernel+0x274/0x454
[    0.000000] irq: irq_domain_set_mapping  hwirq=2 virq=52
[    0.000000] __irq_set_handler 53
[    0.000000] CPU: 0 PID: 0 Comm: swapper/0 Not tainted 4.19.167 #45
[    0.000000] Hardware name: Loongson Loongson-LS3A5000-7A1000-1w-V0.1-CRB/Loongson-LS3A5000-7A1000-1w-EVB-V1.21, BIOS Loongson-UDK2018-V2.0.04073-beta2 03/
[    0.000000] Stack : 00000000000000c2 9000000000ec3948 900000000123c000 900000000123fb30
[    0.000000]         0000000000000000 900000000123fb30 0000000000000000 9000000001369b48
[    0.000000]         9000000001369b40 0000000000000000 9000000001359302 000000000000008e
[    0.000000]         0000000000000000 9000000001261298 0000000000000001 00000000000000c2
[    0.000000]         900000047aef8000 0000000000000000 0000000000000000 0000000000000001
[    0.000000]         00000000000000c2 0000000476cd0000 0000000000000000 0000000000000000
[    0.000000]         00000000000000b0 0000000000000000 0000000000000000 0000000000000035
[    0.000000]         0000000000000000 0000000000000000 0000000000000000 0000000000000000
[    0.000000]         0000000000000000 0000000000000000 0000000000000000 0000000000000000
[    0.000000]         0000000000000000 900000000020866c 0000000000000000 00000000000000b0
[    0.000000]         ...
[    0.000000] Call Trace:
[    0.000000] [<900000000020866c>] show_stack+0x2c/0x100
[    0.000000] [<9000000000ec3948>] dump_stack+0x90/0xc0
[    0.000000] [<90000000002a0da8>] irq_domain_set_mapping+0x34/0xcc
[    0.000000] [<900000000029f488>] irq_domain_associate+0x178/0x1b0
[    0.000000] [<90000000002a0edc>] irq_domain_associate_many+0x9c/0xc8
[    0.000000] [<900000000029f614>] irq_domain_add_legacy+0x7c/0x80
[    0.000000] [<90000000012f3d2c>] __loongarch_cpu_irq_init+0x94/0xc8
[    0.000000] [<90000000012d8364>] setup_IRQ+0x14/0x110
[    0.000000] [<90000000012d847c>] arch_init_irq+0x1c/0x98
[    0.000000] [<90000000012d9cdc>] init_IRQ+0x4c/0xd4
[    0.000000] [<90000000012d4908>] start_kernel+0x274/0x454
[    0.000000] irq: irq_domain_set_mapping  hwirq=3 virq=53
[    0.000000] __irq_set_handler 54
[    0.000000] CPU: 0 PID: 0 Comm: swapper/0 Not tainted 4.19.167 #45
[    0.000000] Hardware name: Loongson Loongson-LS3A5000-7A1000-1w-V0.1-CRB/Loongson-LS3A5000-7A1000-1w-EVB-V1.21, BIOS Loongson-UDK2018-V2.0.04073-beta2 03/
[    0.000000] Stack : 00000000000000dd 9000000000ec3948 900000000123c000 900000000123fb30
[    0.000000]         0000000000000000 900000000123fb30 0000000000000000 9000000001369b48
[    0.000000]         9000000001369b40 0000000000000000 9000000001359302 000000000000008e
[    0.000000]         0000000000000000 9000000001261298 0000000000000001 00000000000000dd
[    0.000000]         900000047aef8000 0000000000000000 0000000000000000 0000000000000001
[    0.000000]         00000000000000dd 0000000476cd0000 0000000000000000 0000000000000000
[    0.000000]         00000000000000b0 0000000000000000 0000000000000000 0000000000000036
[    0.000000]         0000000000000000 0000000000000000 0000000000000000 0000000000000000
[    0.000000]         0000000000000000 0000000000000000 0000000000000000 0000000000000000
[    0.000000]         0000000000000000 900000000020866c 0000000000000000 00000000000000b0
[    0.000000]         ...
[    0.000000] Call Trace:
[    0.000000] [<900000000020866c>] show_stack+0x2c/0x100
[    0.000000] [<9000000000ec3948>] dump_stack+0x90/0xc0
[    0.000000] [<90000000002a0da8>] irq_domain_set_mapping+0x34/0xcc
[    0.000000] [<900000000029f488>] irq_domain_associate+0x178/0x1b0
[    0.000000] [<90000000002a0edc>] irq_domain_associate_many+0x9c/0xc8
[    0.000000] [<900000000029f614>] irq_domain_add_legacy+0x7c/0x80
[    0.000000] [<90000000012f3d2c>] __loongarch_cpu_irq_init+0x94/0xc8
[    0.000000] [<90000000012d8364>] setup_IRQ+0x14/0x110
[    0.000000] [<90000000012d847c>] arch_init_irq+0x1c/0x98
[    0.000000] [<90000000012d9cdc>] init_IRQ+0x4c/0xd4
[    0.000000] [<90000000012d4908>] start_kernel+0x274/0x454
[    0.000000] irq: irq_domain_set_mapping  hwirq=4 virq=54
[    0.000000] __irq_set_handler 55
[    0.000000] CPU: 0 PID: 0 Comm: swapper/0 Not tainted 4.19.167 #45
[    0.000000] Hardware name: Loongson Loongson-LS3A5000-7A1000-1w-V0.1-CRB/Loongson-LS3A5000-7A1000-1w-EVB-V1.21, BIOS Loongson-UDK2018-V2.0.04073-beta2 03/
[    0.000000] Stack : 00000000000000f8 9000000000ec3948 900000000123c000 900000000123fb30
[    0.000000]         0000000000000000 900000000123fb30 0000000000000000 9000000001369b48
[    0.000000]         9000000001369b40 0000000000000000 9000000001359302 000000000000008e
[    0.000000]         0000000000000000 9000000001261298 0000000000000001 00000000000000f8
[    0.000000]         900000047aef8000 0000000000000000 0000000000000000 0000000000000001
[    0.000000]         00000000000000f8 0000000476cd0000 0000000000000000 0000000000000000
[    0.000000]         00000000000000b0 0000000000000000 0000000000000000 0000000000000037
[    0.000000]         0000000000000000 0000000000000000 0000000000000000 0000000000000000
[    0.000000]         0000000000000000 0000000000000000 0000000000000000 0000000000000000
[    0.000000]         0000000000000000 900000000020866c 0000000000000000 00000000000000b0
[    0.000000]         ...
[    0.000000] Call Trace:
[    0.000000] [<900000000020866c>] show_stack+0x2c/0x100
[    0.000000] [<9000000000ec3948>] dump_stack+0x90/0xc0
[    0.000000] [<90000000002a0da8>] irq_domain_set_mapping+0x34/0xcc
[    0.000000] [<900000000029f488>] irq_domain_associate+0x178/0x1b0
[    0.000000] [<90000000002a0edc>] irq_domain_associate_many+0x9c/0xc8
[    0.000000] [<900000000029f614>] irq_domain_add_legacy+0x7c/0x80
[    0.000000] [<90000000012f3d2c>] __loongarch_cpu_irq_init+0x94/0xc8
[    0.000000] [<90000000012d8364>] setup_IRQ+0x14/0x110
[    0.000000] [<90000000012d847c>] arch_init_irq+0x1c/0x98
[    0.000000] [<90000000012d9cdc>] init_IRQ+0x4c/0xd4
[    0.000000] [<90000000012d4908>] start_kernel+0x274/0x454
[    0.000000] irq: irq_domain_set_mapping  hwirq=5 virq=55
[    0.000000] __irq_set_handler 56
[    0.000000] CPU: 0 PID: 0 Comm: swapper/0 Not tainted 4.19.167 #45
[    0.000000] Hardware name: Loongson Loongson-LS3A5000-7A1000-1w-V0.1-CRB/Loongson-LS3A5000-7A1000-1w-EVB-V1.21, BIOS Loongson-UDK2018-V2.0.04073-beta2 03/
[    0.000000] Stack : 0000000000000113 9000000000ec3948 900000000123c000 900000000123fb30
[    0.000000]         0000000000000000 900000000123fb30 0000000000000000 9000000001369b48
[    0.000000]         9000000001369b40 0000000000000000 9000000001359302 000000000000008e
[    0.000000]         0000000000000000 9000000001261298 0000000000000001 0000000000000113
[    0.000000]         900000047aef8000 0000000000000000 0000000000000000 0000000000000001
[    0.000000]         0000000000000113 0000000476cd0000 0000000000000000 0000000000000000
[    0.000000]         00000000000000b0 0000000000000000 0000000000000000 0000000000000038
[    0.000000]         0000000000000000 0000000000000000 0000000000000000 0000000000000000
[    0.000000]         0000000000000000 0000000000000000 0000000000000000 0000000000000000
[    0.000000]         0000000000000000 900000000020866c 0000000000000000 00000000000000b0
[    0.000000]         ...
[    0.000000] Call Trace:
[    0.000000] [<900000000020866c>] show_stack+0x2c/0x100
[    0.000000] [<9000000000ec3948>] dump_stack+0x90/0xc0
[    0.000000] [<90000000002a0da8>] irq_domain_set_mapping+0x34/0xcc
[    0.000000] [<900000000029f488>] irq_domain_associate+0x178/0x1b0
[    0.000000] [<90000000002a0edc>] irq_domain_associate_many+0x9c/0xc8
[    0.000000] [<900000000029f614>] irq_domain_add_legacy+0x7c/0x80
[    0.000000] [<90000000012f3d2c>] __loongarch_cpu_irq_init+0x94/0xc8
[    0.000000] [<90000000012d8364>] setup_IRQ+0x14/0x110
[    0.000000] [<90000000012d847c>] arch_init_irq+0x1c/0x98
[    0.000000] [<90000000012d9cdc>] init_IRQ+0x4c/0xd4
[    0.000000] [<90000000012d4908>] start_kernel+0x274/0x454
[    0.000000] irq: irq_domain_set_mapping  hwirq=6 virq=56
[    0.000000] __irq_set_handler 57
[    0.000000] CPU: 0 PID: 0 Comm: swapper/0 Not tainted 4.19.167 #45
[    0.000000] Hardware name: Loongson Loongson-LS3A5000-7A1000-1w-V0.1-CRB/Loongson-LS3A5000-7A1000-1w-EVB-V1.21, BIOS Loongson-UDK2018-V2.0.04073-beta2 03/
[    0.000000] Stack : 000000000000012e 9000000000ec3948 900000000123c000 900000000123fb30
[    0.000000]         0000000000000000 900000000123fb30 0000000000000000 9000000001369b48
[    0.000000]         9000000001369b40 0000000000000000 9000000001359302 000000000000008e
[    0.000000]         0000000000000000 9000000001261298 0000000000000001 000000000000012e
[    0.000000]         900000047aef8000 0000000000000000 0000000000000000 0000000000000001
[    0.000000]         000000000000012e 0000000476cd0000 0000000000000000 0000000000000000
[    0.000000]         00000000000000b0 0000000000000000 0000000000000000 0000000000000039
[    0.000000]         0000000000000000 0000000000000000 0000000000000000 0000000000000000
[    0.000000]         0000000000000000 0000000000000000 0000000000000000 0000000000000000
[    0.000000]         0000000000000000 900000000020866c 0000000000000000 00000000000000b0
[    0.000000]         ...
[    0.000000] Call Trace:
[    0.000000] [<900000000020866c>] show_stack+0x2c/0x100
[    0.000000] [<9000000000ec3948>] dump_stack+0x90/0xc0
[    0.000000] [<90000000002a0da8>] irq_domain_set_mapping+0x34/0xcc
[    0.000000] [<900000000029f488>] irq_domain_associate+0x178/0x1b0
[    0.000000] [<90000000002a0edc>] irq_domain_associate_many+0x9c/0xc8
[    0.000000] [<900000000029f614>] irq_domain_add_legacy+0x7c/0x80
[    0.000000] [<90000000012f3d2c>] __loongarch_cpu_irq_init+0x94/0xc8
[    0.000000] [<90000000012d8364>] setup_IRQ+0x14/0x110
[    0.000000] [<90000000012d847c>] arch_init_irq+0x1c/0x98
[    0.000000] [<90000000012d9cdc>] init_IRQ+0x4c/0xd4
[    0.000000] [<90000000012d4908>] start_kernel+0x274/0x454
[    0.000000] irq: irq_domain_set_mapping  hwirq=7 virq=57
[    0.000000] __irq_set_handler 58
[    0.000000] CPU: 0 PID: 0 Comm: swapper/0 Not tainted 4.19.167 #45
[    0.000000] Hardware name: Loongson Loongson-LS3A5000-7A1000-1w-V0.1-CRB/Loongson-LS3A5000-7A1000-1w-EVB-V1.21, BIOS Loongson-UDK2018-V2.0.04073-beta2 03/
[    0.000000] Stack : 0000000000000149 9000000000ec3948 900000000123c000 900000000123fb30
[    0.000000]         0000000000000000 900000000123fb30 0000000000000000 9000000001369b48
[    0.000000]         9000000001369b40 0000000000000000 9000000001359302 000000000000008e
[    0.000000]         0000000000000000 9000000001261298 0000000000000001 0000000000000149
[    0.000000]         900000047aef8000 0000000000000000 0000000000000000 0000000000000001
[    0.000000]         0000000000000149 0000000476cd0000 0000000000000000 0000000000000000
[    0.000000]         00000000000000b0 0000000000000000 0000000000000000 000000000000003a
[    0.000000]         0000000000000000 0000000000000000 0000000000000000 0000000000000000
[    0.000000]         0000000000000000 0000000000000000 0000000000000000 0000000000000000
[    0.000000]         0000000000000000 900000000020866c 0000000000000000 00000000000000b0
[    0.000000]         ...
[    0.000000] Call Trace:
[    0.000000] [<900000000020866c>] show_stack+0x2c/0x100
[    0.000000] [<9000000000ec3948>] dump_stack+0x90/0xc0
[    0.000000] [<90000000002a0da8>] irq_domain_set_mapping+0x34/0xcc
[    0.000000] [<900000000029f488>] irq_domain_associate+0x178/0x1b0
[    0.000000] [<90000000002a0edc>] irq_domain_associate_many+0x9c/0xc8
[    0.000000] [<900000000029f614>] irq_domain_add_legacy+0x7c/0x80
[    0.000000] [<90000000012f3d2c>] __loongarch_cpu_irq_init+0x94/0xc8
[    0.000000] [<90000000012d8364>] setup_IRQ+0x14/0x110
[    0.000000] [<90000000012d847c>] arch_init_irq+0x1c/0x98
[    0.000000] [<90000000012d9cdc>] init_IRQ+0x4c/0xd4
[    0.000000] [<90000000012d4908>] start_kernel+0x274/0x454
[    0.000000] irq: irq_domain_set_mapping  hwirq=8 virq=58
[    0.000000] __irq_set_handler 59
[    0.000000] CPU: 0 PID: 0 Comm: swapper/0 Not tainted 4.19.167 #45
[    0.000000] Hardware name: Loongson Loongson-LS3A5000-7A1000-1w-V0.1-CRB/Loongson-LS3A5000-7A1000-1w-EVB-V1.21, BIOS Loongson-UDK2018-V2.0.04073-beta2 03/
[    0.000000] Stack : 0000000000000164 9000000000ec3948 900000000123c000 900000000123fb30
[    0.000000]         0000000000000000 900000000123fb30 0000000000000000 9000000001369b48
[    0.000000]         9000000001369b40 0000000000000000 9000000001359302 000000000000008e
[    0.000000]         0000000000000000 9000000001261298 0000000000000001 0000000000000164
[    0.000000]         900000047aef8000 0000000000000000 0000000000000000 0000000000000001
[    0.000000]         0000000000000164 0000000476cd0000 0000000000000000 0000000000000000
[    0.000000]         00000000000000b0 0000000000000000 0000000000000000 000000000000003b
[    0.000000]         0000000000000000 0000000000000000 0000000000000000 0000000000000000
[    0.000000]         0000000000000000 0000000000000000 0000000000000000 0000000000000000
[    0.000000]         0000000000000000 900000000020866c 0000000000000000 00000000000000b0
[    0.000000]         ...
[    0.000000] Call Trace:
[    0.000000] [<900000000020866c>] show_stack+0x2c/0x100
[    0.000000] [<9000000000ec3948>] dump_stack+0x90/0xc0
[    0.000000] [<90000000002a0da8>] irq_domain_set_mapping+0x34/0xcc
[    0.000000] [<900000000029f488>] irq_domain_associate+0x178/0x1b0
[    0.000000] [<90000000002a0edc>] irq_domain_associate_many+0x9c/0xc8
[    0.000000] [<900000000029f614>] irq_domain_add_legacy+0x7c/0x80
[    0.000000] [<90000000012f3d2c>] __loongarch_cpu_irq_init+0x94/0xc8
[    0.000000] [<90000000012d8364>] setup_IRQ+0x14/0x110
[    0.000000] [<90000000012d847c>] arch_init_irq+0x1c/0x98
[    0.000000] [<90000000012d9cdc>] init_IRQ+0x4c/0xd4
[    0.000000] [<90000000012d4908>] start_kernel+0x274/0x454
[    0.000000] irq: irq_domain_set_mapping  hwirq=9 virq=59
[    0.000000] __irq_set_handler 60
[    0.000000] CPU: 0 PID: 0 Comm: swapper/0 Not tainted 4.19.167 #45
[    0.000000] Hardware name: Loongson Loongson-LS3A5000-7A1000-1w-V0.1-CRB/Loongson-LS3A5000-7A1000-1w-EVB-V1.21, BIOS Loongson-UDK2018-V2.0.04073-beta2 03/
[    0.000000] Stack : 000000000000017f 9000000000ec3948 900000000123c000 900000000123fb30
[    0.000000]         0000000000000000 900000000123fb30 0000000000000000 9000000001369b48
[    0.000000]         9000000001369b40 0000000000000000 9000000001359302 000000000000008e
[    0.000000]         0000000000000000 9000000001261298 0000000000000001 000000000000017f
[    0.000000]         900000047aef8000 0000000000000000 0000000000000000 0000000000000001
[    0.000000]         000000000000017f 0000000476cd0000 0000000000000000 0000000000000000
[    0.000000]         00000000000000b0 0000000000000000 0000000000000000 000000000000003c
[    0.000000]         0000000000000000 0000000000000000 0000000000000000 0000000000000000
[    0.000000]         0000000000000000 0000000000000000 0000000000000000 0000000000000000
[    0.000000]         0000000000000000 900000000020866c 0000000000000000 00000000000000b0
[    0.000000]         ...
[    0.000000] Call Trace:
[    0.000000] [<900000000020866c>] show_stack+0x2c/0x100
[    0.000000] [<9000000000ec3948>] dump_stack+0x90/0xc0
[    0.000000] [<90000000002a0da8>] irq_domain_set_mapping+0x34/0xcc
[    0.000000] [<900000000029f488>] irq_domain_associate+0x178/0x1b0
[    0.000000] [<90000000002a0edc>] irq_domain_associate_many+0x9c/0xc8
[    0.000000] [<900000000029f614>] irq_domain_add_legacy+0x7c/0x80
[    0.000000] [<90000000012f3d2c>] __loongarch_cpu_irq_init+0x94/0xc8
[    0.000000] [<90000000012d8364>] setup_IRQ+0x14/0x110
[    0.000000] [<90000000012d847c>] arch_init_irq+0x1c/0x98
[    0.000000] [<90000000012d9cdc>] init_IRQ+0x4c/0xd4
[    0.000000] [<90000000012d4908>] start_kernel+0x274/0x454
[    0.000000] irq: irq_domain_set_mapping  hwirq=10 virq=60
[    0.000000] __irq_set_handler 61
[    0.000000] CPU: 0 PID: 0 Comm: swapper/0 Not tainted 4.19.167 #45
[    0.000000] Hardware name: Loongson Loongson-LS3A5000-7A1000-1w-V0.1-CRB/Loongson-LS3A5000-7A1000-1w-EVB-V1.21, BIOS Loongson-UDK2018-V2.0.04073-beta2 03/
[    0.000000] Stack : 000000000000019a 9000000000ec3948 900000000123c000 900000000123fb30
[    0.000000]         0000000000000000 900000000123fb30 0000000000000000 9000000001369b48
[    0.000000]         9000000001369b40 0000000000000000 9000000001359302 000000000000008e
[    0.000000]         0000000000000000 9000000001261298 0000000000000001 000000000000019a
[    0.000000]         900000047aef8000 0000000000000000 0000000000000000 0000000000000001
[    0.000000]         000000000000019a 0000000476cd0000 0000000000000000 0000000000000000
[    0.000000]         00000000000000b0 0000000000000000 0000000000000000 000000000000003d
[    0.000000]         0000000000000000 0000000000000000 0000000000000000 0000000000000000
[    0.000000]         0000000000000000 0000000000000000 0000000000000000 0000000000000000
[    0.000000]         0000000000000000 900000000020866c 0000000000000000 00000000000000b0
[    0.000000]         ...
[    0.000000] Call Trace:
[    0.000000] [<900000000020866c>] show_stack+0x2c/0x100
[    0.000000] [<9000000000ec3948>] dump_stack+0x90/0xc0
[    0.000000] [<90000000002a0da8>] irq_domain_set_mapping+0x34/0xcc
[    0.000000] [<900000000029f488>] irq_domain_associate+0x178/0x1b0
[    0.000000] [<90000000002a0edc>] irq_domain_associate_many+0x9c/0xc8
[    0.000000] [<900000000029f614>] irq_domain_add_legacy+0x7c/0x80
[    0.000000] [<90000000012f3d2c>] __loongarch_cpu_irq_init+0x94/0xc8
[    0.000000] [<90000000012d8364>] setup_IRQ+0x14/0x110
[    0.000000] [<90000000012d847c>] arch_init_irq+0x1c/0x98
[    0.000000] [<90000000012d9cdc>] init_IRQ+0x4c/0xd4
[    0.000000] [<90000000012d4908>] start_kernel+0x274/0x454
[    0.000000] irq: irq_domain_set_mapping  hwirq=11 virq=61
[    0.000000] __irq_set_handler 62
[    0.000000] CPU: 0 PID: 0 Comm: swapper/0 Not tainted 4.19.167 #45
[    0.000000] Hardware name: Loongson Loongson-LS3A5000-7A1000-1w-V0.1-CRB/Loongson-LS3A5000-7A1000-1w-EVB-V1.21, BIOS Loongson-UDK2018-V2.0.04073-beta2 03/
[    0.000000] Stack : 00000000000001b5 9000000000ec3948 900000000123c000 900000000123fb30
[    0.000000]         0000000000000000 900000000123fb30 0000000000000000 9000000001369b48
[    0.000000]         9000000001369b40 0000000000000000 9000000001359302 000000000000008e
[    0.000000]         0000000000000000 9000000001261298 0000000000000001 00000000000001b5
[    0.000000]         900000047aef8000 0000000000000000 0000000000000000 0000000000000001
[    0.000000]         00000000000001b5 0000000476cd0000 0000000000000000 0000000000000000
[    0.000000]         00000000000000b0 0000000000000000 0000000000000000 000000000000003e
[    0.000000]         0000000000000000 0000000000000000 0000000000000000 0000000000000000
[    0.000000]         0000000000000000 0000000000000000 0000000000000000 0000000000000000
[    0.000000]         0000000000000000 900000000020866c 0000000000000000 00000000000000b0
[    0.000000]         ...
[    0.000000] Call Trace:
[    0.000000] [<900000000020866c>] show_stack+0x2c/0x100
[    0.000000] [<9000000000ec3948>] dump_stack+0x90/0xc0
[    0.000000] [<90000000002a0da8>] irq_domain_set_mapping+0x34/0xcc
[    0.000000] [<900000000029f488>] irq_domain_associate+0x178/0x1b0
[    0.000000] [<90000000002a0edc>] irq_domain_associate_many+0x9c/0xc8
[    0.000000] [<900000000029f614>] irq_domain_add_legacy+0x7c/0x80
[    0.000000] [<90000000012f3d2c>] __loongarch_cpu_irq_init+0x94/0xc8
[    0.000000] [<90000000012d8364>] setup_IRQ+0x14/0x110
[    0.000000] [<90000000012d847c>] arch_init_irq+0x1c/0x98
[    0.000000] [<90000000012d9cdc>] init_IRQ+0x4c/0xd4
[    0.000000] [<90000000012d4908>] start_kernel+0x274/0x454
[    0.000000] irq: irq_domain_set_mapping  hwirq=12 virq=62
[    0.000000] __irq_set_handler 63
[    0.000000] CPU: 0 PID: 0 Comm: swapper/0 Not tainted 4.19.167 #45
[    0.000000] Hardware name: Loongson Loongson-LS3A5000-7A1000-1w-V0.1-CRB/Loongson-LS3A5000-7A1000-1w-EVB-V1.21, BIOS Loongson-UDK2018-V2.0.04073-beta2 03/
[    0.000000] Stack : 00000000000001d0 9000000000ec3948 900000000123c000 900000000123fb30
[    0.000000]         0000000000000000 900000000123fb30 0000000000000000 9000000001369b48
[    0.000000]         9000000001369b40 0000000000000000 9000000001359302 000000000000008e
[    0.000000]         0000000000000000 9000000001261298 0000000000000001 00000000000001d0
[    0.000000]         900000047aef8000 0000000000000000 0000000000000000 0000000000000001
[    0.000000]         00000000000001d0 0000000476cd0000 0000000000000000 0000000000000000
[    0.000000]         00000000000000b0 0000000000000000 0000000000000000 000000000000003f
[    0.000000]         0000000000000000 0000000000000000 0000000000000000 0000000000000000
[    0.000000]         0000000000000000 0000000000000000 0000000000000000 0000000000000000
[    0.000000]         0000000000000000 900000000020866c 0000000000000000 00000000000000b0
[    0.000000]         ...
[    0.000000] Call Trace:
[    0.000000] [<900000000020866c>] show_stack+0x2c/0x100
[    0.000000] [<9000000000ec3948>] dump_stack+0x90/0xc0
[    0.000000] [<90000000002a0da8>] irq_domain_set_mapping+0x34/0xcc
[    0.000000] [<900000000029f488>] irq_domain_associate+0x178/0x1b0
[    0.000000] [<90000000002a0edc>] irq_domain_associate_many+0x9c/0xc8
[    0.000000] [<900000000029f614>] irq_domain_add_legacy+0x7c/0x80
[    0.000000] [<90000000012f3d2c>] __loongarch_cpu_irq_init+0x94/0xc8
[    0.000000] [<90000000012d8364>] setup_IRQ+0x14/0x110
[    0.000000] [<90000000012d847c>] arch_init_irq+0x1c/0x98
[    0.000000] [<90000000012d9cdc>] init_IRQ+0x4c/0xd4
[    0.000000] [<90000000012d4908>] start_kernel+0x274/0x454
[    0.000000] irq: irq_domain_set_mapping  hwirq=13 virq=63
[    0.000000] irq: Added domain irqchip@(____ptrval____)
[    0.000000] huxueshi:liointc_init i am here
[    0.000000] liointc_init 52
[    0.000000] Support EXT interrupt.
[    0.000000] irq: Added domain irqchip@(____ptrval____)
[    0.000000] extioi: huxueshi:extioi_vec_init extioi_priv->extioi_domain = 9000000476028000 
[    0.000000] pch-msi: Registering 192 MSIs, starting at 64
[    0.000000] irq: Added domain irqchip@(____ptrval____)
[    0.000000] irq: Added domain irqchip@(____ptrval____)
[    0.000000] pch-msi: huxueshi:pch_msi_init_domains middle_domain=9000000476018400 msi_domain=9000000476030000
[    0.000000] pch-pic: huxueshi:pch_pic_init of_node is NULL
[    0.000000] pch-pic: huxueshi:pch_pic_init parent_domain = 9000000476028000 
[    0.000000] irq: Added domain irqchip@(____ptrval____)
[    0.000000] irq: Default domain set to @0x(____ptrval____)
[    0.000000] irq: Added domain unknown-2
[    0.000000] irq: irq_domain_associate_many(<no-node>, irqbase=0, hwbase=0, count=16)
[    0.000000] __irq_set_handler 0
[    0.000000] CPU: 0 PID: 0 Comm: swapper/0 Not tainted 4.19.167 #45
[    0.000000] Hardware name: Loongson Loongson-LS3A5000-7A1000-1w-V0.1-CRB/Loongson-LS3A5000-7A1000-1w-EVB-V1.21, BIOS Loongson-UDK2018-V2.0.04073-beta2 03/
[    0.000000] Stack : 00000000000001fb 9000000000ec3948 900000000123c000 900000000123fa60
[    0.000000]         0000000000000000 900000000123fa60 0000000000000000 9000000001369b48
[    0.000000]         9000000001369b40 0000000000000000 9000000001359302 000000000000008e
[    0.000000]         0000000000000000 9000000001261298 0000000000000001 00000000000001fb
[    0.000000]         900000047aef8000 0000000000000000 0000000000000000 0000000000000001
[    0.000000]         00000000000001fb 0000000476cd0000 0000000000000000 0000000000000000
[    0.000000]         00000000000000b0 0000000000000000 0000000000000000 0000000000000000
[    0.000000]         0000000000000040 0000000000000040 0000000000000000 0000000000000000
[    0.000000]         0000000000000000 0000000000000000 0000000000000000 0000000000000000
[    0.000000]         0000000000000000 900000000020866c 0000000000000000 00000000000000b0
[    0.000000]         ...
[    0.000000] Call Trace:
[    0.000000] [<900000000020866c>] show_stack+0x2c/0x100
[    0.000000] [<9000000000ec3948>] dump_stack+0x90/0xc0
[    0.000000] [<90000000002a0da8>] irq_domain_set_mapping+0x34/0xcc
[    0.000000] [<900000000029f488>] irq_domain_associate+0x178/0x1b0
[    0.000000] [<90000000002a0edc>] irq_domain_associate_many+0x9c/0xc8
[    0.000000] [<900000000029f614>] irq_domain_add_legacy+0x7c/0x80
[    0.000000] [<900000000081e638>] pch_lpc_init+0x88/0x178
[    0.000000] [<900000000081f17c>] pch_pic_init+0x18c/0x358
[    0.000000] [<90000000012d8444>] setup_IRQ+0xf4/0x110
[    0.000000] [<90000000012d847c>] arch_init_irq+0x1c/0x98
[    0.000000] [<90000000012d9cdc>] init_IRQ+0x4c/0xd4
[    0.000000] [<90000000012d4908>] start_kernel+0x274/0x454
[    0.000000] irq: irq_domain_set_mapping  hwirq=0 virq=0
[    0.000000] __irq_set_handler 1
[    0.000000] CPU: 0 PID: 0 Comm: swapper/0 Not tainted 4.19.167 #45
[    0.000000] Hardware name: Loongson Loongson-LS3A5000-7A1000-1w-V0.1-CRB/Loongson-LS3A5000-7A1000-1w-EVB-V1.21, BIOS Loongson-UDK2018-V2.0.04073-beta2 03/
[    0.000000] Stack : 0000000000000217 9000000000ec3948 900000000123c000 900000000123fa60
[    0.000000]         0000000000000000 900000000123fa60 0000000000000000 9000000001369b48
[    0.000000]         9000000001369b40 0000000000000000 9000000001359302 000000000000008e
[    0.000000]         0000000000000000 9000000001261298 0000000000000001 0000000000000217
[    0.000000]         900000047aef8000 0000000000000000 0000000000000000 0000000000000001
[    0.000000]         0000000000000217 0000000476cd0000 0000000000000000 0000000000000000
[    0.000000]         00000000000000b0 0000000000000000 0000000000000000 0000000000000001
[    0.000000]         0000000000000040 0000000000000040 0000000000000000 0000000000000000
[    0.000000]         0000000000000000 0000000000000000 0000000000000000 0000000000000000
[    0.000000]         0000000000000000 900000000020866c 0000000000000000 00000000000000b0
[    0.000000]         ...
[    0.000000] Call Trace:
[    0.000000] [<900000000020866c>] show_stack+0x2c/0x100
[    0.000000] [<9000000000ec3948>] dump_stack+0x90/0xc0
[    0.000000] [<90000000002a0da8>] irq_domain_set_mapping+0x34/0xcc
[    0.000000] [<900000000029f488>] irq_domain_associate+0x178/0x1b0
[    0.000000] [<90000000002a0edc>] irq_domain_associate_many+0x9c/0xc8
[    0.000000] [<900000000029f614>] irq_domain_add_legacy+0x7c/0x80
[    0.000000] [<900000000081e638>] pch_lpc_init+0x88/0x178
[    0.000000] [<900000000081f17c>] pch_pic_init+0x18c/0x358
[    0.000000] [<90000000012d8444>] setup_IRQ+0xf4/0x110
[    0.000000] [<90000000012d847c>] arch_init_irq+0x1c/0x98
[    0.000000] [<90000000012d9cdc>] init_IRQ+0x4c/0xd4
[    0.000000] [<90000000012d4908>] start_kernel+0x274/0x454
[    0.000000] irq: irq_domain_set_mapping  hwirq=1 virq=1
[    0.000000] __irq_set_handler 2
[    0.000000] CPU: 0 PID: 0 Comm: swapper/0 Not tainted 4.19.167 #45
[    0.000000] Hardware name: Loongson Loongson-LS3A5000-7A1000-1w-V0.1-CRB/Loongson-LS3A5000-7A1000-1w-EVB-V1.21, BIOS Loongson-UDK2018-V2.0.04073-beta2 03/
[    0.000000] Stack : 0000000000000233 9000000000ec3948 900000000123c000 900000000123fa60
[    0.000000]         0000000000000000 900000000123fa60 0000000000000000 9000000001369b48
[    0.000000]         9000000001369b40 0000000000000000 9000000001359302 000000000000008e
[    0.000000]         0000000000000000 9000000001261298 0000000000000001 0000000000000233
[    0.000000]         900000047aef8000 0000000000000000 0000000000000000 0000000000000001
[    0.000000]         0000000000000233 0000000476cd0000 0000000000000000 0000000000000000
[    0.000000]         00000000000000b0 0000000000000000 0000000000000000 0000000000000002
[    0.000000]         0000000000000040 0000000000000040 0000000000000000 0000000000000000
[    0.000000]         0000000000000000 0000000000000000 0000000000000000 0000000000000000
[    0.000000]         0000000000000000 900000000020866c 0000000000000000 00000000000000b0
[    0.000000]         ...
[    0.000000] Call Trace:
[    0.000000] [<900000000020866c>] show_stack+0x2c/0x100
[    0.000000] [<9000000000ec3948>] dump_stack+0x90/0xc0
[    0.000000] [<90000000002a0da8>] irq_domain_set_mapping+0x34/0xcc
[    0.000000] [<900000000029f488>] irq_domain_associate+0x178/0x1b0
[    0.000000] [<90000000002a0edc>] irq_domain_associate_many+0x9c/0xc8
[    0.000000] [<900000000029f614>] irq_domain_add_legacy+0x7c/0x80
[    0.000000] [<900000000081e638>] pch_lpc_init+0x88/0x178
[    0.000000] [<900000000081f17c>] pch_pic_init+0x18c/0x358
[    0.000000] [<90000000012d8444>] setup_IRQ+0xf4/0x110
[    0.000000] [<90000000012d847c>] arch_init_irq+0x1c/0x98
[    0.000000] [<90000000012d9cdc>] init_IRQ+0x4c/0xd4
[    0.000000] [<90000000012d4908>] start_kernel+0x274/0x454
[    0.000000] irq: irq_domain_set_mapping  hwirq=2 virq=2
[    0.000000] __irq_set_handler 3
[    0.000000] CPU: 0 PID: 0 Comm: swapper/0 Not tainted 4.19.167 #45
[    0.000000] Hardware name: Loongson Loongson-LS3A5000-7A1000-1w-V0.1-CRB/Loongson-LS3A5000-7A1000-1w-EVB-V1.21, BIOS Loongson-UDK2018-V2.0.04073-beta2 03/
[    0.000000] Stack : 000000000000024f 9000000000ec3948 900000000123c000 900000000123fa60
[    0.000000]         0000000000000000 900000000123fa60 0000000000000000 9000000001369b48
[    0.000000]         9000000001369b40 0000000000000000 9000000001359302 000000000000008e
[    0.000000]         0000000000000000 9000000001261298 0000000000000001 000000000000024f
[    0.000000]         900000047aef8000 0000000000000000 0000000000000000 0000000000000001
[    0.000000]         000000000000024f 0000000476cd0000 0000000000000000 0000000000000000
[    0.000000]         00000000000000b0 0000000000000000 0000000000000000 0000000000000003
[    0.000000]         0000000000000040 0000000000000040 0000000000000000 0000000000000000
[    0.000000]         0000000000000000 0000000000000000 0000000000000000 0000000000000000
[    0.000000]         0000000000000000 900000000020866c 0000000000000000 00000000000000b0
[    0.000000]         ...
[    0.000000] Call Trace:
[    0.000000] [<900000000020866c>] show_stack+0x2c/0x100
[    0.000000] [<9000000000ec3948>] dump_stack+0x90/0xc0
[    0.000000] [<90000000002a0da8>] irq_domain_set_mapping+0x34/0xcc
[    0.000000] [<900000000029f488>] irq_domain_associate+0x178/0x1b0
[    0.000000] [<90000000002a0edc>] irq_domain_associate_many+0x9c/0xc8
[    0.000000] [<900000000029f614>] irq_domain_add_legacy+0x7c/0x80
[    0.000000] [<900000000081e638>] pch_lpc_init+0x88/0x178
[    0.000000] [<900000000081f17c>] pch_pic_init+0x18c/0x358
[    0.000000] [<90000000012d8444>] setup_IRQ+0xf4/0x110
[    0.000000] [<90000000012d847c>] arch_init_irq+0x1c/0x98
[    0.000000] [<90000000012d9cdc>] init_IRQ+0x4c/0xd4
[    0.000000] [<90000000012d4908>] start_kernel+0x274/0x454
[    0.000000] irq: irq_domain_set_mapping  hwirq=3 virq=3
[    0.000000] __irq_set_handler 4
[    0.000000] CPU: 0 PID: 0 Comm: swapper/0 Not tainted 4.19.167 #45
[    0.000000] Hardware name: Loongson Loongson-LS3A5000-7A1000-1w-V0.1-CRB/Loongson-LS3A5000-7A1000-1w-EVB-V1.21, BIOS Loongson-UDK2018-V2.0.04073-beta2 03/
[    0.000000] Stack : 000000000000026b 9000000000ec3948 900000000123c000 900000000123fa60
[    0.000000]         0000000000000000 900000000123fa60 0000000000000000 9000000001369b48
[    0.000000]         9000000001369b40 0000000000000000 9000000001359302 000000000000008e
[    0.000000]         0000000000000000 9000000001261298 0000000000000001 000000000000026b
[    0.000000]         900000047aef8000 0000000000000000 0000000000000000 0000000000000001
[    0.000000]         000000000000026b 0000000476cd0000 0000000000000000 0000000000000000
[    0.000000]         00000000000000b0 0000000000000000 0000000000000000 0000000000000004
[    0.000000]         0000000000000040 0000000000000040 0000000000000000 0000000000000000
[    0.000000]         0000000000000000 0000000000000000 0000000000000000 0000000000000000
[    0.000000]         0000000000000000 900000000020866c 0000000000000000 00000000000000b0
[    0.000000]         ...
[    0.000000] Call Trace:
[    0.000000] [<900000000020866c>] show_stack+0x2c/0x100
[    0.000000] [<9000000000ec3948>] dump_stack+0x90/0xc0
[    0.000000] [<90000000002a0da8>] irq_domain_set_mapping+0x34/0xcc
[    0.000000] [<900000000029f488>] irq_domain_associate+0x178/0x1b0
[    0.000000] [<90000000002a0edc>] irq_domain_associate_many+0x9c/0xc8
[    0.000000] [<900000000029f614>] irq_domain_add_legacy+0x7c/0x80
[    0.000000] [<900000000081e638>] pch_lpc_init+0x88/0x178
[    0.000000] [<900000000081f17c>] pch_pic_init+0x18c/0x358
[    0.000000] [<90000000012d8444>] setup_IRQ+0xf4/0x110
[    0.000000] [<90000000012d847c>] arch_init_irq+0x1c/0x98
[    0.000000] [<90000000012d9cdc>] init_IRQ+0x4c/0xd4
[    0.000000] [<90000000012d4908>] start_kernel+0x274/0x454
[    0.000000] irq: irq_domain_set_mapping  hwirq=4 virq=4
[    0.000000] __irq_set_handler 5
[    0.000000] CPU: 0 PID: 0 Comm: swapper/0 Not tainted 4.19.167 #45
[    0.000000] Hardware name: Loongson Loongson-LS3A5000-7A1000-1w-V0.1-CRB/Loongson-LS3A5000-7A1000-1w-EVB-V1.21, BIOS Loongson-UDK2018-V2.0.04073-beta2 03/
[    0.000000] Stack : 0000000000000287 9000000000ec3948 900000000123c000 900000000123fa60
[    0.000000]         0000000000000000 900000000123fa60 0000000000000000 9000000001369b48
[    0.000000]         9000000001369b40 0000000000000000 9000000001359302 000000000000008e
[    0.000000]         0000000000000000 9000000001261298 0000000000000001 0000000000000287
[    0.000000]         900000047aef8000 0000000000000000 0000000000000000 0000000000000001
[    0.000000]         0000000000000287 0000000476cd0000 0000000000000000 0000000000000000
[    0.000000]         00000000000000b0 0000000000000000 0000000000000000 0000000000000005
[    0.000000]         0000000000000040 0000000000000040 0000000000000000 0000000000000000
[    0.000000]         0000000000000000 0000000000000000 0000000000000000 0000000000000000
[    0.000000]         0000000000000000 900000000020866c 0000000000000000 00000000000000b0
[    0.000000]         ...
[    0.000000] Call Trace:
[    0.000000] [<900000000020866c>] show_stack+0x2c/0x100
[    0.000000] [<9000000000ec3948>] dump_stack+0x90/0xc0
[    0.000000] [<90000000002a0da8>] irq_domain_set_mapping+0x34/0xcc
[    0.000000] [<900000000029f488>] irq_domain_associate+0x178/0x1b0
[    0.000000] [<90000000002a0edc>] irq_domain_associate_many+0x9c/0xc8
[    0.000000] [<900000000029f614>] irq_domain_add_legacy+0x7c/0x80
[    0.000000] [<900000000081e638>] pch_lpc_init+0x88/0x178
[    0.000000] [<900000000081f17c>] pch_pic_init+0x18c/0x358
[    0.000000] [<90000000012d8444>] setup_IRQ+0xf4/0x110
[    0.000000] [<90000000012d847c>] arch_init_irq+0x1c/0x98
[    0.000000] [<90000000012d9cdc>] init_IRQ+0x4c/0xd4
[    0.000000] [<90000000012d4908>] start_kernel+0x274/0x454
[    0.000000] irq: irq_domain_set_mapping  hwirq=5 virq=5
[    0.000000] __irq_set_handler 6
[    0.000000] CPU: 0 PID: 0 Comm: swapper/0 Not tainted 4.19.167 #45
[    0.000000] Hardware name: Loongson Loongson-LS3A5000-7A1000-1w-V0.1-CRB/Loongson-LS3A5000-7A1000-1w-EVB-V1.21, BIOS Loongson-UDK2018-V2.0.04073-beta2 03/
[    0.000000] Stack : 00000000000002a3 9000000000ec3948 900000000123c000 900000000123fa60
[    0.000000]         0000000000000000 900000000123fa60 0000000000000000 9000000001369b48
[    0.000000]         9000000001369b40 0000000000000000 9000000001359302 000000000000008e
[    0.000000]         0000000000000000 9000000001261298 0000000000000001 00000000000002a3
[    0.000000]         900000047aef8000 0000000000000000 0000000000000000 0000000000000001
[    0.000000]         00000000000002a3 0000000476cd0000 0000000000000000 0000000000000000
[    0.000000]         00000000000000b0 0000000000000000 0000000000000000 0000000000000006
[    0.000000]         0000000000000040 0000000000000040 0000000000000000 0000000000000000
[    0.000000]         0000000000000000 0000000000000000 0000000000000000 0000000000000000
[    0.000000]         0000000000000000 900000000020866c 0000000000000000 00000000000000b0
[    0.000000]         ...
[    0.000000] Call Trace:
[    0.000000] [<900000000020866c>] show_stack+0x2c/0x100
[    0.000000] [<9000000000ec3948>] dump_stack+0x90/0xc0
[    0.000000] [<90000000002a0da8>] irq_domain_set_mapping+0x34/0xcc
[    0.000000] [<900000000029f488>] irq_domain_associate+0x178/0x1b0
[    0.000000] [<90000000002a0edc>] irq_domain_associate_many+0x9c/0xc8
[    0.000000] [<900000000029f614>] irq_domain_add_legacy+0x7c/0x80
[    0.000000] [<900000000081e638>] pch_lpc_init+0x88/0x178
[    0.000000] [<900000000081f17c>] pch_pic_init+0x18c/0x358
[    0.000000] [<90000000012d8444>] setup_IRQ+0xf4/0x110
[    0.000000] [<90000000012d847c>] arch_init_irq+0x1c/0x98
[    0.000000] [<90000000012d9cdc>] init_IRQ+0x4c/0xd4
[    0.000000] [<90000000012d4908>] start_kernel+0x274/0x454
[    0.000000] irq: irq_domain_set_mapping  hwirq=6 virq=6
[    0.000000] __irq_set_handler 7
[    0.000000] CPU: 0 PID: 0 Comm: swapper/0 Not tainted 4.19.167 #45
[    0.000000] Hardware name: Loongson Loongson-LS3A5000-7A1000-1w-V0.1-CRB/Loongson-LS3A5000-7A1000-1w-EVB-V1.21, BIOS Loongson-UDK2018-V2.0.04073-beta2 03/
[    0.000000] Stack : 00000000000002bf 9000000000ec3948 900000000123c000 900000000123fa60
[    0.000000]         0000000000000000 900000000123fa60 0000000000000000 9000000001369b48
[    0.000000]         9000000001369b40 0000000000000000 9000000001359302 000000000000008e
[    0.000000]         0000000000000000 9000000001261298 0000000000000001 00000000000002bf
[    0.000000]         900000047aef8000 0000000000000000 0000000000000000 0000000000000001
[    0.000000]         00000000000002bf 0000000476cd0000 0000000000000000 0000000000000000
[    0.000000]         00000000000000b0 0000000000000000 0000000000000000 0000000000000007
[    0.000000]         0000000000000040 0000000000000040 0000000000000000 0000000000000000
[    0.000000]         0000000000000000 0000000000000000 0000000000000000 0000000000000000
[    0.000000]         0000000000000000 900000000020866c 0000000000000000 00000000000000b0
[    0.000000]         ...
[    0.000000] Call Trace:
[    0.000000] [<900000000020866c>] show_stack+0x2c/0x100
[    0.000000] [<9000000000ec3948>] dump_stack+0x90/0xc0
[    0.000000] [<90000000002a0da8>] irq_domain_set_mapping+0x34/0xcc
[    0.000000] [<900000000029f488>] irq_domain_associate+0x178/0x1b0
[    0.000000] [<90000000002a0edc>] irq_domain_associate_many+0x9c/0xc8
[    0.000000] [<900000000029f614>] irq_domain_add_legacy+0x7c/0x80
[    0.000000] [<900000000081e638>] pch_lpc_init+0x88/0x178
[    0.000000] [<900000000081f17c>] pch_pic_init+0x18c/0x358
[    0.000000] [<90000000012d8444>] setup_IRQ+0xf4/0x110
[    0.000000] [<90000000012d847c>] arch_init_irq+0x1c/0x98
[    0.000000] [<90000000012d9cdc>] init_IRQ+0x4c/0xd4
[    0.000000] [<90000000012d4908>] start_kernel+0x274/0x454
[    0.000000] irq: irq_domain_set_mapping  hwirq=7 virq=7
[    0.000000] __irq_set_handler 8
[    0.000000] CPU: 0 PID: 0 Comm: swapper/0 Not tainted 4.19.167 #45
[    0.000000] Hardware name: Loongson Loongson-LS3A5000-7A1000-1w-V0.1-CRB/Loongson-LS3A5000-7A1000-1w-EVB-V1.21, BIOS Loongson-UDK2018-V2.0.04073-beta2 03/
[    0.000000] Stack : 00000000000002db 9000000000ec3948 900000000123c000 900000000123fa60
[    0.000000]         0000000000000000 900000000123fa60 0000000000000000 9000000001369b48
[    0.000000]         9000000001369b40 0000000000000000 9000000001359302 000000000000008e
[    0.000000]         0000000000000000 9000000001261298 0000000000000001 00000000000002db
[    0.000000]         900000047aef8000 0000000000000000 0000000000000000 0000000000000001
[    0.000000]         00000000000002db 0000000476cd0000 0000000000000000 0000000000000000
[    0.000000]         00000000000000b0 0000000000000000 0000000000000000 0000000000000008
[    0.000000]         0000000000000040 0000000000000040 0000000000000000 0000000000000000
[    0.000000]         0000000000000000 0000000000000000 0000000000000000 0000000000000000
[    0.000000]         0000000000000000 900000000020866c 0000000000000000 00000000000000b0
[    0.000000]         ...
[    0.000000] Call Trace:
[    0.000000] [<900000000020866c>] show_stack+0x2c/0x100
[    0.000000] [<9000000000ec3948>] dump_stack+0x90/0xc0
[    0.000000] [<90000000002a0da8>] irq_domain_set_mapping+0x34/0xcc
[    0.000000] [<900000000029f488>] irq_domain_associate+0x178/0x1b0
[    0.000000] [<90000000002a0edc>] irq_domain_associate_many+0x9c/0xc8
[    0.000000] [<900000000029f614>] irq_domain_add_legacy+0x7c/0x80
[    0.000000] [<900000000081e638>] pch_lpc_init+0x88/0x178
[    0.000000] [<900000000081f17c>] pch_pic_init+0x18c/0x358
[    0.000000] [<90000000012d8444>] setup_IRQ+0xf4/0x110
[    0.000000] [<90000000012d847c>] arch_init_irq+0x1c/0x98
[    0.000000] [<90000000012d9cdc>] init_IRQ+0x4c/0xd4
[    0.000000] [<90000000012d4908>] start_kernel+0x274/0x454
[    0.000000] irq: irq_domain_set_mapping  hwirq=8 virq=8
[    0.000000] __irq_set_handler 9
[    0.000000] CPU: 0 PID: 0 Comm: swapper/0 Not tainted 4.19.167 #45
[    0.000000] Hardware name: Loongson Loongson-LS3A5000-7A1000-1w-V0.1-CRB/Loongson-LS3A5000-7A1000-1w-EVB-V1.21, BIOS Loongson-UDK2018-V2.0.04073-beta2 03/
[    0.000000] Stack : 00000000000002f7 9000000000ec3948 900000000123c000 900000000123fa60
[    0.000000]         0000000000000000 900000000123fa60 0000000000000000 9000000001369b48
[    0.000000]         9000000001369b40 0000000000000000 9000000001359302 000000000000008e
[    0.000000]         0000000000000000 9000000001261298 0000000000000001 00000000000002f7
[    0.000000]         900000047aef8000 0000000000000000 0000000000000000 0000000000000001
[    0.000000]         00000000000002f7 0000000476cd0000 0000000000000000 0000000000000000
[    0.000000]         00000000000000b0 0000000000000000 0000000000000000 0000000000000009
[    0.000000]         0000000000000040 0000000000000040 0000000000000000 0000000000000000
[    0.000000]         0000000000000000 0000000000000000 0000000000000000 0000000000000000
[    0.000000]         0000000000000000 900000000020866c 0000000000000000 00000000000000b0
[    0.000000]         ...
[    0.000000] Call Trace:
[    0.000000] [<900000000020866c>] show_stack+0x2c/0x100
[    0.000000] [<9000000000ec3948>] dump_stack+0x90/0xc0
[    0.000000] [<90000000002a0da8>] irq_domain_set_mapping+0x34/0xcc
[    0.000000] [<900000000029f488>] irq_domain_associate+0x178/0x1b0
[    0.000000] [<90000000002a0edc>] irq_domain_associate_many+0x9c/0xc8
[    0.000000] [<900000000029f614>] irq_domain_add_legacy+0x7c/0x80
[    0.000000] [<900000000081e638>] pch_lpc_init+0x88/0x178
[    0.000000] [<900000000081f17c>] pch_pic_init+0x18c/0x358
[    0.000000] [<90000000012d8444>] setup_IRQ+0xf4/0x110
[    0.000000] [<90000000012d847c>] arch_init_irq+0x1c/0x98
[    0.000000] [<90000000012d9cdc>] init_IRQ+0x4c/0xd4
[    0.000000] [<90000000012d4908>] start_kernel+0x274/0x454
[    0.000000] irq: irq_domain_set_mapping  hwirq=9 virq=9
[    0.000000] __irq_set_handler 10
[    0.000000] CPU: 0 PID: 0 Comm: swapper/0 Not tainted 4.19.167 #45
[    0.000000] Hardware name: Loongson Loongson-LS3A5000-7A1000-1w-V0.1-CRB/Loongson-LS3A5000-7A1000-1w-EVB-V1.21, BIOS Loongson-UDK2018-V2.0.04073-beta2 03/
[    0.000000] Stack : 0000000000000313 9000000000ec3948 900000000123c000 900000000123fa60
[    0.000000]         0000000000000000 900000000123fa60 0000000000000000 9000000001369b48
[    0.000000]         9000000001369b40 0000000000000000 9000000001359302 000000000000008e
[    0.000000]         0000000000000000 9000000001261298 0000000000000001 0000000000000313
[    0.000000]         900000047aef8000 0000000000000000 0000000000000000 0000000000000001
[    0.000000]         0000000000000313 0000000476cd0000 0000000000000000 0000000000000000
[    0.000000]         00000000000000b0 0000000000000000 0000000000000000 000000000000000a
[    0.000000]         0000000000000040 0000000000000040 0000000000000000 0000000000000000
[    0.000000]         0000000000000000 0000000000000000 0000000000000000 0000000000000000
[    0.000000]         0000000000000000 900000000020866c 0000000000000000 00000000000000b0
[    0.000000]         ...
[    0.000000] Call Trace:
[    0.000000] [<900000000020866c>] show_stack+0x2c/0x100
[    0.000000] [<9000000000ec3948>] dump_stack+0x90/0xc0
[    0.000000] [<90000000002a0da8>] irq_domain_set_mapping+0x34/0xcc
[    0.000000] [<900000000029f488>] irq_domain_associate+0x178/0x1b0
[    0.000000] [<90000000002a0edc>] irq_domain_associate_many+0x9c/0xc8
[    0.000000] [<900000000029f614>] irq_domain_add_legacy+0x7c/0x80
[    0.000000] [<900000000081e638>] pch_lpc_init+0x88/0x178
[    0.000000] [<900000000081f17c>] pch_pic_init+0x18c/0x358
[    0.000000] [<90000000012d8444>] setup_IRQ+0xf4/0x110
[    0.000000] [<90000000012d847c>] arch_init_irq+0x1c/0x98
[    0.000000] [<90000000012d9cdc>] init_IRQ+0x4c/0xd4
[    0.000000] [<90000000012d4908>] start_kernel+0x274/0x454
[    0.000000] irq: irq_domain_set_mapping  hwirq=10 virq=10
[    0.000000] __irq_set_handler 11
[    0.000000] CPU: 0 PID: 0 Comm: swapper/0 Not tainted 4.19.167 #45
[    0.000000] Hardware name: Loongson Loongson-LS3A5000-7A1000-1w-V0.1-CRB/Loongson-LS3A5000-7A1000-1w-EVB-V1.21, BIOS Loongson-UDK2018-V2.0.04073-beta2 03/
[    0.000000] Stack : 000000000000032f 9000000000ec3948 900000000123c000 900000000123fa60
[    0.000000]         0000000000000000 900000000123fa60 0000000000000000 9000000001369b48
[    0.000000]         9000000001369b40 0000000000000000 9000000001359302 000000000000008e
[    0.000000]         0000000000000000 9000000001261298 0000000000000001 000000000000032f
[    0.000000]         900000047aef8000 0000000000000000 0000000000000000 0000000000000001
[    0.000000]         000000000000032f 0000000476cd0000 0000000000000000 0000000000000000
[    0.000000]         00000000000000b0 0000000000000000 0000000000000000 000000000000000b
[    0.000000]         0000000000000040 0000000000000040 0000000000000000 0000000000000000
[    0.000000]         0000000000000000 0000000000000000 0000000000000000 0000000000000000
[    0.000000]         0000000000000000 900000000020866c 0000000000000000 00000000000000b0
[    0.000000]         ...
[    0.000000] Call Trace:
[    0.000000] [<900000000020866c>] show_stack+0x2c/0x100
[    0.000000] [<9000000000ec3948>] dump_stack+0x90/0xc0
[    0.000000] [<90000000002a0da8>] irq_domain_set_mapping+0x34/0xcc
[    0.000000] [<900000000029f488>] irq_domain_associate+0x178/0x1b0
[    0.000000] [<90000000002a0edc>] irq_domain_associate_many+0x9c/0xc8
[    0.000000] [<900000000029f614>] irq_domain_add_legacy+0x7c/0x80
[    0.000000] [<900000000081e638>] pch_lpc_init+0x88/0x178
[    0.000000] [<900000000081f17c>] pch_pic_init+0x18c/0x358
[    0.000000] [<90000000012d8444>] setup_IRQ+0xf4/0x110
[    0.000000] [<90000000012d847c>] arch_init_irq+0x1c/0x98
[    0.000000] [<90000000012d9cdc>] init_IRQ+0x4c/0xd4
[    0.000000] [<90000000012d4908>] start_kernel+0x274/0x454
[    0.000000] irq: irq_domain_set_mapping  hwirq=11 virq=11
[    0.000000] __irq_set_handler 12
[    0.000000] CPU: 0 PID: 0 Comm: swapper/0 Not tainted 4.19.167 #45
[    0.000000] Hardware name: Loongson Loongson-LS3A5000-7A1000-1w-V0.1-CRB/Loongson-LS3A5000-7A1000-1w-EVB-V1.21, BIOS Loongson-UDK2018-V2.0.04073-beta2 03/
[    0.000000] Stack : 000000000000034b 9000000000ec3948 900000000123c000 900000000123fa60
[    0.000000]         0000000000000000 900000000123fa60 0000000000000000 9000000001369b48
[    0.000000]         9000000001369b40 0000000000000000 9000000001359302 000000000000008e
[    0.000000]         0000000000000000 9000000001261298 0000000000000001 000000000000034b
[    0.000000]         900000047aef8000 0000000000000000 0000000000000000 0000000000000001
[    0.000000]         000000000000034b 0000000476cd0000 0000000000000000 0000000000000000
[    0.000000]         00000000000000b0 0000000000000000 0000000000000000 000000000000000c
[    0.000000]         0000000000000040 0000000000000040 0000000000000000 0000000000000000
[    0.000000]         0000000000000000 0000000000000000 0000000000000000 0000000000000000
[    0.000000]         0000000000000000 900000000020866c 0000000000000000 00000000000000b0
[    0.000000]         ...
[    0.000000] Call Trace:
[    0.000000] [<900000000020866c>] show_stack+0x2c/0x100
[    0.000000] [<9000000000ec3948>] dump_stack+0x90/0xc0
[    0.000000] [<90000000002a0da8>] irq_domain_set_mapping+0x34/0xcc
[    0.000000] [<900000000029f488>] irq_domain_associate+0x178/0x1b0
[    0.000000] [<90000000002a0edc>] irq_domain_associate_many+0x9c/0xc8
[    0.000000] [<900000000029f614>] irq_domain_add_legacy+0x7c/0x80
[    0.000000] [<900000000081e638>] pch_lpc_init+0x88/0x178
[    0.000000] [<900000000081f17c>] pch_pic_init+0x18c/0x358
[    0.000000] [<90000000012d8444>] setup_IRQ+0xf4/0x110
[    0.000000] [<90000000012d847c>] arch_init_irq+0x1c/0x98
[    0.000000] [<90000000012d9cdc>] init_IRQ+0x4c/0xd4
[    0.000000] [<90000000012d4908>] start_kernel+0x274/0x454
[    0.000000] irq: irq_domain_set_mapping  hwirq=12 virq=12
[    0.000000] __irq_set_handler 13
[    0.000000] CPU: 0 PID: 0 Comm: swapper/0 Not tainted 4.19.167 #45
[    0.000000] Hardware name: Loongson Loongson-LS3A5000-7A1000-1w-V0.1-CRB/Loongson-LS3A5000-7A1000-1w-EVB-V1.21, BIOS Loongson-UDK2018-V2.0.04073-beta2 03/
[    0.000000] Stack : 0000000000000367 9000000000ec3948 900000000123c000 900000000123fa60
[    0.000000]         0000000000000000 900000000123fa60 0000000000000000 9000000001369b48
[    0.000000]         9000000001369b40 0000000000000000 9000000001359302 000000000000008e
[    0.000000]         0000000000000000 9000000001261298 0000000000000001 0000000000000367
[    0.000000]         900000047aef8000 0000000000000000 0000000000000000 0000000000000001
[    0.000000]         0000000000000367 0000000476cd0000 0000000000000000 0000000000000000
[    0.000000]         00000000000000b0 0000000000000000 0000000000000000 000000000000000d
[    0.000000]         0000000000000040 0000000000000040 0000000000000000 0000000000000000
[    0.000000]         0000000000000000 0000000000000000 0000000000000000 0000000000000000
[    0.000000]         0000000000000000 900000000020866c 0000000000000000 00000000000000b0
[    0.000000]         ...
[    0.000000] Call Trace:
[    0.000000] [<900000000020866c>] show_stack+0x2c/0x100
[    0.000000] [<9000000000ec3948>] dump_stack+0x90/0xc0
[    0.000000] [<90000000002a0da8>] irq_domain_set_mapping+0x34/0xcc
[    0.000000] [<900000000029f488>] irq_domain_associate+0x178/0x1b0
[    0.000000] [<90000000002a0edc>] irq_domain_associate_many+0x9c/0xc8
[    0.000000] [<900000000029f614>] irq_domain_add_legacy+0x7c/0x80
[    0.000000] [<900000000081e638>] pch_lpc_init+0x88/0x178
[    0.000000] [<900000000081f17c>] pch_pic_init+0x18c/0x358
[    0.000000] [<90000000012d8444>] setup_IRQ+0xf4/0x110
[    0.000000] [<90000000012d847c>] arch_init_irq+0x1c/0x98
[    0.000000] [<90000000012d9cdc>] init_IRQ+0x4c/0xd4
[    0.000000] [<90000000012d4908>] start_kernel+0x274/0x454
[    0.000000] irq: irq_domain_set_mapping  hwirq=13 virq=13
[    0.000000] __irq_set_handler 14
[    0.000000] CPU: 0 PID: 0 Comm: swapper/0 Not tainted 4.19.167 #45
[    0.000000] Hardware name: Loongson Loongson-LS3A5000-7A1000-1w-V0.1-CRB/Loongson-LS3A5000-7A1000-1w-EVB-V1.21, BIOS Loongson-UDK2018-V2.0.04073-beta2 03/
[    0.000000] Stack : 0000000000000383 9000000000ec3948 900000000123c000 900000000123fa60
[    0.000000]         0000000000000000 900000000123fa60 0000000000000000 9000000001369b48
[    0.000000]         9000000001369b40 0000000000000000 9000000001359302 000000000000008e
[    0.000000]         0000000000000000 9000000001261298 0000000000000001 0000000000000383
[    0.000000]         900000047aef8000 0000000000000000 0000000000000000 0000000000000001
[    0.000000]         0000000000000383 0000000476cd0000 0000000000000000 0000000000000000
[    0.000000]         00000000000000b0 0000000000000000 0000000000000000 000000000000000e
[    0.000000]         0000000000000040 0000000000000040 0000000000000000 0000000000000000
[    0.000000]         0000000000000000 0000000000000000 0000000000000000 0000000000000000
[    0.000000]         0000000000000000 900000000020866c 0000000000000000 00000000000000b0
[    0.000000]         ...
[    0.000000] Call Trace:
[    0.000000] [<900000000020866c>] show_stack+0x2c/0x100
[    0.000000] [<9000000000ec3948>] dump_stack+0x90/0xc0
[    0.000000] [<90000000002a0da8>] irq_domain_set_mapping+0x34/0xcc
[    0.000000] [<900000000029f488>] irq_domain_associate+0x178/0x1b0
[    0.000000] [<90000000002a0edc>] irq_domain_associate_many+0x9c/0xc8
[    0.000000] [<900000000029f614>] irq_domain_add_legacy+0x7c/0x80
[    0.000000] [<900000000081e638>] pch_lpc_init+0x88/0x178
[    0.000000] [<900000000081f17c>] pch_pic_init+0x18c/0x358
[    0.000000] [<90000000012d8444>] setup_IRQ+0xf4/0x110
[    0.000000] [<90000000012d847c>] arch_init_irq+0x1c/0x98
[    0.000000] [<90000000012d9cdc>] init_IRQ+0x4c/0xd4
[    0.000000] [<90000000012d4908>] start_kernel+0x274/0x454
[    0.000000] irq: irq_domain_set_mapping  hwirq=14 virq=14
[    0.000000] __irq_set_handler 15
[    0.000000] CPU: 0 PID: 0 Comm: swapper/0 Not tainted 4.19.167 #45
[    0.000000] Hardware name: Loongson Loongson-LS3A5000-7A1000-1w-V0.1-CRB/Loongson-LS3A5000-7A1000-1w-EVB-V1.21, BIOS Loongson-UDK2018-V2.0.04073-beta2 03/
[    0.000000] Stack : 000000000000039f 9000000000ec3948 900000000123c000 900000000123fa60
[    0.000000]         0000000000000000 900000000123fa60 0000000000000000 9000000001369b48
[    0.000000]         9000000001369b40 0000000000000000 9000000001359302 000000000000008e
[    0.000000]         0000000000000000 9000000001261298 0000000000000001 000000000000039f
[    0.000000]         900000047aef8000 0000000000000000 0000000000000000 0000000000000001
[    0.000000]         000000000000039f 0000000476cd0000 0000000000000000 0000000000000000
[    0.000000]         00000000000000b0 0000000000000000 0000000000000000 000000000000000f
[    0.000000]         0000000000000040 0000000000000040 0000000000000000 0000000000000000
[    0.000000]         0000000000000000 0000000000000000 0000000000000000 0000000000000000
[    0.000000]         0000000000000000 900000000020866c 0000000000000000 00000000000000b0
[    0.000000]         ...
[    0.000000] Call Trace:
[    0.000000] [<900000000020866c>] show_stack+0x2c/0x100
[    0.000000] [<9000000000ec3948>] dump_stack+0x90/0xc0
[    0.000000] [<90000000002a0da8>] irq_domain_set_mapping+0x34/0xcc
[    0.000000] [<900000000029f488>] irq_domain_associate+0x178/0x1b0
[    0.000000] [<90000000002a0edc>] irq_domain_associate_many+0x9c/0xc8
[    0.000000] [<900000000029f614>] irq_domain_add_legacy+0x7c/0x80
[    0.000000] [<900000000081e638>] pch_lpc_init+0x88/0x178
[    0.000000] [<900000000081f17c>] pch_pic_init+0x18c/0x358
[    0.000000] [<90000000012d8444>] setup_IRQ+0xf4/0x110
[    0.000000] [<90000000012d847c>] arch_init_irq+0x1c/0x98
[    0.000000] [<90000000012d9cdc>] init_IRQ+0x4c/0xd4
[    0.000000] [<90000000012d4908>] start_kernel+0x274/0x454
[    0.000000] irq: irq_domain_set_mapping  hwirq=15 virq=15
[    0.000000] pch-pic: huxueshi:pch_pic_alloc 16 19
[    0.000000] extioi: huxueshi:extioi_domain_alloc 16 19
[    0.000000] __irq_set_handler 16
[    0.000000] __irq_set_handler 16
[    0.000000] CPU: 0 PID: 0 Comm: swapper/0 Not tainted 4.19.167 #45
[    0.000000] Hardware name: Loongson Loongson-LS3A5000-7A1000-1w-V0.1-CRB/Loongson-LS3A5000-7A1000-1w-EVB-V1.21, BIOS Loongson-UDK2018-V2.0.04073-beta2 03/
[    0.000000] Stack : 00000000000003be 9000000000ec3948 900000000123c000 900000000123fa40
[    0.000000]         0000000000000000 900000000123fa40 0000000000000000 9000000001369b48
[    0.000000]         9000000001369b40 0000000000000000 9000000001359302 000000000000008e
[    0.000000]         0000000000000000 9000000001261298 0000000000000001 00000000000003be
[    0.000000]         900000047aef8000 0000000000000000 0000000000000000 0000000000000001
[    0.000000]         00000000000003be 0000000476cd0000 9000000476010940 0000000000000000
[    0.000000]         00000000000000b0 0000000000000000 0000000000000010 0000000000000001
[    0.000000]         0000000000000010 90000000011cd078 0000000000000001 0000000000000000
[    0.000000]         0000000000000000 0000000000000000 0000000000000000 0000000000000000
[    0.000000]         0000000000000000 900000000020866c 0000000000000000 00000000000000b0
[    0.000000]         ...
[    0.000000] Call Trace:
[    0.000000] [<900000000020866c>] show_stack+0x2c/0x100
[    0.000000] [<9000000000ec3948>] dump_stack+0x90/0xc0
[    0.000000] [<90000000002a0da8>] irq_domain_set_mapping+0x34/0xcc
[    0.000000] [<90000000002a0644>] __irq_domain_alloc_irqs+0x294/0x2a0
[    0.000000] [<90000000002a0ad8>] irq_create_fwspec_mapping+0x268/0x378
[    0.000000] [<900000000081e698>] pch_lpc_init+0xe8/0x178
[    0.000000] [<900000000081f17c>] pch_pic_init+0x18c/0x358
[    0.000000] [<90000000012d8444>] setup_IRQ+0xf4/0x110
[    0.000000] [<90000000012d847c>] arch_init_irq+0x1c/0x98
[    0.000000] [<90000000012d9cdc>] init_IRQ+0x4c/0xd4
[    0.000000] [<90000000012d4908>] start_kernel+0x274/0x454
[    0.000000] irq: irq_domain_set_mapping  hwirq=19 virq=16
[    0.000000] CPU: 0 PID: 0 Comm: swapper/0 Not tainted 4.19.167 #45
[    0.000000] Hardware name: Loongson Loongson-LS3A5000-7A1000-1w-V0.1-CRB/Loongson-LS3A5000-7A1000-1w-EVB-V1.21, BIOS Loongson-UDK2018-V2.0.04073-beta2 03/
[    0.000000] Stack : 00000000000003d8 9000000000ec3948 900000000123c000 900000000123fa40
[    0.000000]         0000000000000000 900000000123fa40 0000000000000000 9000000001369b48
[    0.000000]         9000000001369b40 0000000000000000 9000000001359302 000000000000008e
[    0.000000]         0000000000000000 9000000001261298 0000000000000001 00000000000003d8
[    0.000000]         900000047aef8000 0000000000000000 0000000000000000 0000000000000001
[    0.000000]         00000000000003d8 0000000476cd0000 9000000476010940 0000000000000000
[    0.000000]         00000000000000b0 0000000000000000 0000000000000010 0000000000000001
[    0.000000]         0000000000000010 90000000011cd078 0000000000000001 0000000000000000
[    0.000000]         0000000000000000 0000000000000000 0000000000000000 0000000000000000
[    0.000000]         0000000000000000 900000000020866c 0000000000000000 00000000000000b0
[    0.000000]         ...
[    0.000000] Call Trace:
[    0.000000] [<900000000020866c>] show_stack+0x2c/0x100
[    0.000000] [<9000000000ec3948>] dump_stack+0x90/0xc0
[    0.000000] [<90000000002a0da8>] irq_domain_set_mapping+0x34/0xcc
[    0.000000] [<90000000002a0644>] __irq_domain_alloc_irqs+0x294/0x2a0
[    0.000000] [<90000000002a0ad8>] irq_create_fwspec_mapping+0x268/0x378
[    0.000000] [<900000000081e698>] pch_lpc_init+0xe8/0x178
[    0.000000] [<900000000081f17c>] pch_pic_init+0x18c/0x358
[    0.000000] [<90000000012d8444>] setup_IRQ+0xf4/0x110
[    0.000000] [<90000000012d847c>] arch_init_irq+0x1c/0x98
[    0.000000] [<90000000012d9cdc>] init_IRQ+0x4c/0xd4
[    0.000000] [<90000000012d4908>] start_kernel+0x274/0x454
[    0.000000] irq: irq_domain_set_mapping  hwirq=19 virq=16
[    0.000000] Setting up vectored interrupts
[    0.000000] stable clock event device register
[    0.000000] clocksource: stable counter: mask: 0xffffffffffffffff max_cycles: 0x171024e7e0, max_idle_ns: 440795205315 ns
[    0.000001] sched_clock: 64 bits at 100MHz, resolution 10ns, wraps every 4398046511100ns
[    0.000002] stable counter clock source device register
[    0.000057] Console: colour dummy device 80x25
[    0.000080] ACPI: Core revision 20180810
[    0.000763] Calibrating delay loop... 199.68 BogoMIPS (lpj=399360)
[    0.031986] pid_max: default: 32768 minimum: 301
[    0.032015] Security Framework initialized
[    0.032019] AppArmor: AppArmor disabled by boot time parameter
[    0.033168] Dentry cache hash table entries: 2097152 (order: 10, 16777216 bytes)
[    0.033765] Inode-cache hash table entries: 1048576 (order: 9, 8388608 bytes)
[    0.033798] Mount-cache hash table entries: 32768 (order: 4, 262144 bytes)
[    0.033818] Mountpoint-cache hash table entries: 32768 (order: 4, 262144 bytes)
[    0.034290] Performance counters: loongarch/loongson64 PMU enabled, 4 64-bit counters available to each CPU.
[    0.034318] rcu: Hierarchical SRCU implementation.
[    0.034441] smp: Bringing up secondary CPUs ...
[    0.034524] Booting CPU#1...
[    0.034653] Generic 64-bit Loongson Processor probed
[    0.034657] Primary instruction cache 64kB, 4-way, VIPT, linesize 64 bytes.
[    0.034658] Primary data cache 64kB, 4-way, VIPT, no aliases, linesize 64 bytes
[    0.034660] Unified victim cache 256kB 16-way, linesize 64 bytes.
[    0.034661] Unified secondary cache 16384kB 16-way, linesize 64 bytes.
[    0.034663] CPU1 __my_cpu_offset: 4774d0000
[    0.034702] CPU1 revision is: 0014c010 (Loongson-64bit)
[    0.034702] FPU1 revision is: 00000000
[    0.064083] CPU#1 finished
[    0.064197] Booting CPU#2...
[    0.064200] Generic 64-bit Loongson Processor probed
[    0.064205] Primary instruction cache 64kB, 4-way, VIPT, linesize 64 bytes.
[    0.064206] Primary data cache 64kB, 4-way, VIPT, no aliases, linesize 64 bytes
[    0.064207] Unified victim cache 256kB 16-way, linesize 64 bytes.
[    0.064208] Unified secondary cache 16384kB 16-way, linesize 64 bytes.
[    0.064209] CPU2 __my_cpu_offset: 477cd0000
[    0.064212] CPU2 revision is: 0014c010 (Loongson-64bit)
[    0.064213] FPU2 revision is: 00000000
[    0.095994] CPU#2 finished
[    0.096095] Booting CPU#3...
[    0.096098] Generic 64-bit Loongson Processor probed
[    0.096102] Primary instruction cache 64kB, 4-way, VIPT, linesize 64 bytes.
[    0.096103] Primary data cache 64kB, 4-way, VIPT, no aliases, linesize 64 bytes
[    0.096104] Unified victim cache 256kB 16-way, linesize 64 bytes.
[    0.096105] Unified secondary cache 16384kB 16-way, linesize 64 bytes.
[    0.096107] CPU3 __my_cpu_offset: 4784d0000
[    0.096109] CPU3 revision is: 0014c010 (Loongson-64bit)
[    0.096110] FPU3 revision is: 00000000
[    0.127995] CPU#3 finished
[    0.128020] smp: Brought up 1 node, 4 CPUs
[    0.128227] devtmpfs: initialized
[    0.129423] random: get_random_u32 called from bucket_table_alloc.isra.9+0x94/0x280 with crng_init=0
[    0.129608] clocksource: jiffies: mask: 0xffffffff max_cycles: 0xffffffff, max_idle_ns: 7645041785100000 ns
[    0.129614] futex hash table entries: 1024 (order: 2, 65536 bytes)
[    0.129668] xor: measuring software checksum speed
[    0.167992]    8regs     : 11728.000 MB/sec
[    0.207993]    8regs_prefetch: 11700.000 MB/sec
[    0.247992]    32regs    : 11716.000 MB/sec
[    0.287993]    32regs_prefetch: 11692.000 MB/sec
[    0.287994] xor: using function: 8regs (11728.000 MB/sec)
[    0.288109] NET: Registered protocol family 16
[    0.288326] audit: initializing netlink subsys (disabled)
[    0.288396] audit: type=2000 audit(1622969570.292:1): state=initialized audit_enabled=0 res=1
[    0.288542] cpuidle: using governor menu
[    0.288636] huxueshi:irq_map_generic_chip hw_irq=20, virq=20
[    0.288639] __irq_set_handler 20
[    0.288643] CPU: 0 PID: 1 Comm: swapper/0 Not tainted 4.19.167 #45
[    0.288645] Hardware name: Loongson Loongson-LS3A5000-7A1000-1w-V0.1-CRB/Loongson-LS3A5000-7A1000-1w-EVB-V1.21, BIOS Loongson-UDK2018-V2.0.04073-beta2 03/
[    0.288646] Stack : 0000000000000433 9000000000ec3948 9000000477918000 900000047791bb20
[    0.288649]         0000000000000000 900000047791bb20 0000000000000000 9000000001369b48
[    0.288650]         9000000001369b40 0000000000000000 9000000001359302 000000000000008e
[    0.288652]         0000000000000000 9000000001261298 0000000000000001 0000000000000433
[    0.288654]         900000047aef8000 000000009bbb27fc 0000000000000000 0000000000000001
[    0.288655]         0000000000000433 0000000476cd0000 900000000132b7f8 0000000000000000
[    0.288657]         00000000000000b4 0000000000000000 0000000000000000 0000000000000014
[    0.288659]         0000000000000008 90000000012d4188 900000000134c008 9000000001312a58
[    0.288660]         0000000000000000 0000000000000000 0000000000000000 0000000000000000
[    0.288662]         0000000000000000 900000000020866c 0000000000000000 00000000000000b4
[    0.288664]         ...
[    0.288665] Call Trace:
[    0.288670] [<900000000020866c>] show_stack+0x2c/0x100
[    0.288676] [<9000000000ec3948>] dump_stack+0x90/0xc0
[    0.288679] [<90000000002a0da8>] irq_domain_set_mapping+0x34/0xcc
[    0.288682] [<900000000029f488>] irq_domain_associate+0x178/0x1b0
[    0.288684] [<90000000002a0290>] irq_create_mapping+0xd0/0x148
[    0.288686] [<90000000002a09a8>] irq_create_fwspec_mapping+0x138/0x378
[    0.288689] [<90000000012d8a3c>] loongson_crypto_init+0x48/0xdc
[    0.288691] [<90000000002004fc>] do_one_initcall+0x6c/0x170
[    0.288695] [<90000000012d4ce0>] kernel_init_freeable+0x1f8/0x2b8
[    0.288699] [<9000000000eda754>] kernel_init+0x10/0xf4
[    0.288701] [<9000000000203ce8>] ret_from_kernel_thread+0xc/0x10
[    0.288703] irq: irq_domain_set_mapping  hwirq=20 virq=20
[    0.288705] SE-IRQ=20
[    0.288712] huxueshi:irq_map_generic_chip hw_irq=17, virq=17
[    0.288713] __irq_set_handler 17
[    0.288714] CPU: 0 PID: 1 Comm: swapper/0 Not tainted 4.19.167 #45
[    0.288715] Hardware name: Loongson Loongson-LS3A5000-7A1000-1w-V0.1-CRB/Loongson-LS3A5000-7A1000-1w-EVB-V1.21, BIOS Loongson-UDK2018-V2.0.04073-beta2 03/
[    0.288716] Stack : 0000000000000450 9000000000ec3948 9000000477918000 900000047791bb20
[    0.288718]         0000000000000000 900000047791bb20 0000000000000000 9000000001369b48
[    0.288719]         9000000001369b40 0000000000000000 9000000001359302 000000000000008e
[    0.288721]         0000000000000000 9000000001261298 0000000000000001 0000000000000450
[    0.288723]         900000047aef8000 000000009bbb27fc 0000000000000000 0000000000000001
[    0.288724]         0000000000000450 0000000476cd0000 900000000132b7f8 0000000000000000
[    0.288726]         00000000000000b4 0000000000000000 0000000000000000 0000000000000011
[    0.288727]         0000000000000008 90000000012d4188 900000000134c008 9000000001312a58
[    0.288729]         0000000000000000 0000000000000000 0000000000000000 0000000000000000
[    0.288731]         0000000000000000 900000000020866c 0000000000000000 00000000000000b4
[    0.288732]         ...
[    0.288733] Call Trace:
[    0.288735] [<900000000020866c>] show_stack+0x2c/0x100
[    0.288737] [<9000000000ec3948>] dump_stack+0x90/0xc0
[    0.288739] [<90000000002a0da8>] irq_domain_set_mapping+0x34/0xcc
[    0.288741] [<900000000029f488>] irq_domain_associate+0x178/0x1b0
[    0.288743] [<90000000002a0290>] irq_create_mapping+0xd0/0x148
[    0.288745] [<90000000002a09a8>] irq_create_fwspec_mapping+0x138/0x378
[    0.288747] [<90000000012d8a70>] loongson_crypto_init+0x7c/0xdc
[    0.288748] [<90000000002004fc>] do_one_initcall+0x6c/0x170
[    0.288750] [<90000000012d4ce0>] kernel_init_freeable+0x1f8/0x2b8
[    0.288753] [<9000000000eda754>] kernel_init+0x10/0xf4
[    0.288754] [<9000000000203ce8>] ret_from_kernel_thread+0xc/0x10
[    0.288756] irq: irq_domain_set_mapping  hwirq=17 virq=17
[    0.288757] SE-IRQ-low=17
[    0.294081] ACPI: bus type PCI registered
[    0.297126] HugeTLB registered 32.0 MiB page size, pre-allocated 0 pages
[    0.364001] raid6: int64x1  gen()  2826 MB/s
[    0.376112] random: fast init done
[    0.432008] raid6: int64x1  xor()  1556 MB/s
[    0.500007] raid6: int64x2  gen()  3955 MB/s
[    0.568000] raid6: int64x2  xor()  2152 MB/s
[    0.635998] raid6: int64x4  gen()  3775 MB/s
[    0.704006] raid6: int64x4  xor()  2297 MB/s
[    0.771995] raid6: int64x8  gen()  2760 MB/s
[    0.840001] raid6: int64x8  xor()  2308 MB/s
[    0.840002] raid6: using algorithm int64x2 gen() 3955 MB/s
[    0.840003] raid6: .... xor() 2152 MB/s, rmw enabled
[    0.840004] raid6: using intx1 recovery algorithm
[    0.840208] ACPI: Added _OSI(Module Device)
[    0.840209] ACPI: Added _OSI(Processor Device)
[    0.840210] ACPI: Added _OSI(3.0 _SCP Extensions)
[    0.840211] ACPI: Added _OSI(Processor Aggregator Device)
[    0.840213] ACPI: Added _OSI(Linux-Dell-Video)
[    0.840215] ACPI: Added _OSI(Linux-Lenovo-NV-HDMI-Audio)
[    0.841639] ACPI: 1 ACPI AML tables successfully acquired and loaded
[    0.846103] pch-pic: huxueshi:pch_pic_alloc 18 47
[    0.846105] extioi: huxueshi:extioi_domain_alloc 18 47
[    0.846106] __irq_set_handler 18
[    0.846108] __irq_set_handler 18
[    0.846111] CPU: 1 PID: 1 Comm: swapper/0 Not tainted 4.19.167 #45
[    0.846112] Hardware name: Loongson Loongson-LS3A5000-7A1000-1w-V0.1-CRB/Loongson-LS3A5000-7A1000-1w-EVB-V1.21, BIOS Loongson-UDK2018-V2.0.04073-beta2 03/
[    0.846113] Stack : 0000000000000484 9000000000ec3948 9000000477918000 900000047791ba20
[    0.846115]         0000000000000000 900000047791ba20 0000000000000000 9000000001369b48
[    0.846117]         9000000001369b40 0000000000000000 9000000001359302 000000000000008e
[    0.846119]         0000000000000000 9000000001261298 0000000000000001 0000000000000484
[    0.846121]         900000047aef8000 000000009bbb27fc 0000000000000000 0000000000000001
[    0.846122]         0000000000000484 00000004774d0000 9000000472640580 0000000000000000
[    0.846124]         00000000000000b4 0000000000000000 0000000000000012 0000000000000001
[    0.846126]         0000000000000012 90000000011cd078 0000000000000001 0000000000000000
[    0.846127]         0000000000000000 0000000000000000 0000000000000000 0000000000000000
[    0.846129]         0000000000000000 900000000020866c 0000000000000000 00000000000000b4
[    0.846131]         ...
[    0.846132] Call Trace:
[    0.846136] [<900000000020866c>] show_stack+0x2c/0x100
[    0.846138] [<9000000000ec3948>] dump_stack+0x90/0xc0
[    0.846141] [<90000000002a0da8>] irq_domain_set_mapping+0x34/0xcc
[    0.846144] [<90000000002a0644>] __irq_domain_alloc_irqs+0x294/0x2a0
[    0.846146] [<90000000002a0ad8>] irq_create_fwspec_mapping+0x268/0x378
[    0.846148] [<900000000020f3f0>] acpi_register_gsi+0x70/0x100
[    0.846150] [<900000000020f770>] acpi_gsi_to_irq+0x28/0x48
[    0.846154] [<900000000089000c>] acpi_os_install_interrupt_handler+0x84/0x148
[    0.846157] [<90000000008ac7f8>] acpi_ev_install_xrupt_handlers+0x24/0x98
[    0.846161] [<90000000012f7a8c>] acpi_init+0xc0/0x360
[    0.846162] [<90000000002004fc>] do_one_initcall+0x6c/0x170
[    0.846165] [<90000000012d4ce0>] kernel_init_freeable+0x1f8/0x2b8
[    0.846168] [<9000000000eda754>] kernel_init+0x10/0xf4
[    0.846170] [<9000000000203ce8>] ret_from_kernel_thread+0xc/0x10
[    0.846172] irq: irq_domain_set_mapping  hwirq=47 virq=18
[    0.846173] CPU: 1 PID: 1 Comm: swapper/0 Not tainted 4.19.167 #45
[    0.846174] Hardware name: Loongson Loongson-LS3A5000-7A1000-1w-V0.1-CRB/Loongson-LS3A5000-7A1000-1w-EVB-V1.21, BIOS Loongson-UDK2018-V2.0.04073-beta2 03/
[    0.846174] Stack : 00000000000004a1 9000000000ec3948 9000000477918000 900000047791ba20
[    0.846176]         0000000000000000 900000047791ba20 0000000000000000 9000000001369b48
[    0.846178]         9000000001369b40 0000000000000000 9000000001359302 000000000000008e
[    0.846180]         0000000000000000 9000000001261298 0000000000000001 00000000000004a1
[    0.846181]         900000047aef8000 000000009bbb27fc 0000000000000000 0000000000000001
[    0.846183]         00000000000004a1 00000004774d0000 9000000472640580 0000000000000000
[    0.846184]         00000000000000b4 0000000000000000 0000000000000012 0000000000000001
[    0.846186]         0000000000000012 90000000011cd078 0000000000000001 0000000000000000
[    0.846188]         0000000000000000 0000000000000000 0000000000000000 0000000000000000
[    0.846189]         0000000000000000 900000000020866c 0000000000000000 00000000000000b4
[    0.846191]         ...
[    0.846192] Call Trace:
[    0.846194] [<900000000020866c>] show_stack+0x2c/0x100
[    0.846196] [<9000000000ec3948>] dump_stack+0x90/0xc0
[    0.846198] [<90000000002a0da8>] irq_domain_set_mapping+0x34/0xcc
[    0.846200] [<90000000002a0644>] __irq_domain_alloc_irqs+0x294/0x2a0
[    0.846202] [<90000000002a0ad8>] irq_create_fwspec_mapping+0x268/0x378
[    0.846204] [<900000000020f3f0>] acpi_register_gsi+0x70/0x100
[    0.846206] [<900000000020f770>] acpi_gsi_to_irq+0x28/0x48
[    0.846208] [<900000000089000c>] acpi_os_install_interrupt_handler+0x84/0x148
[    0.846210] [<90000000008ac7f8>] acpi_ev_install_xrupt_handlers+0x24/0x98
[    0.846212] [<90000000012f7a8c>] acpi_init+0xc0/0x360
[    0.846214] [<90000000002004fc>] do_one_initcall+0x6c/0x170
[    0.846216] [<90000000012d4ce0>] kernel_init_freeable+0x1f8/0x2b8
[    0.846218] [<9000000000eda754>] kernel_init+0x10/0xf4
[    0.846220] [<9000000000203ce8>] ret_from_kernel_thread+0xc/0x10
[    0.846222] irq: irq_domain_set_mapping  hwirq=47 virq=18
[    0.847120] ACPI Error: Could not enable GlobalLock event (20180810/evxfevnt-184)
[    0.854471] ACPI Warning: Could not enable fixed event - GlobalLock (1) (20180810/evxface-620)
[    0.854474] ACPI Error: No response from Global Lock hardware, disabling lock (20180810/evglock-60)
[    0.863873] ACPI: Interpreter enabled
[    0.863896] ACPI: (supports S0 S3 S4 S5)
[    0.863898] ACPI: Using IOAPIC for interrupt routing
[    0.863914] Failed to parse MCFG (-19)
[    0.867575] huxueshi:acpi_init A
[    0.867986] ACPI: Power Resource [PUBS] (on)
[    0.870334] ACPI: PCI Root Bridge [PCI0] (domain 0000 [bus 00-ff])
[    0.870340] acpi PNP0A08:00: _OSC: OS supports [ExtendedConfig ASPM ClockPM Segments MSI]
[    0.870345] acpi PNP0A08:00: _OSC failed (AE_NOT_FOUND); disabling ASPM
[    0.870390] PCI host bridge to bus 0000:00
[    0.870393] pci_bus 0000:00: root bus resource [io  0x4000-0xffff window]
[    0.870394] pci_bus 0000:00: root bus resource [mem 0x40000000-0x7fffffff window]
[    0.870397] pci_bus 0000:00: root bus resource [bus 00-ff]
[    0.870410] pci 0000:00:00.0: [0014:7a00] type 00 class 0x060000
[    0.870513] pci 0000:00:00.1: [0014:7a10] type 00 class 0x000000
[    0.870569] pci 0000:00:03.0: [0014:7a03] type 00 class 0x020000
[    0.870579] pci 0000:00:03.0: reg 0x10: [mem 0x47170000-0x47177fff 64bit]
[    0.870658] pci 0000:00:03.1: [0014:7a03] type 00 class 0x020000
[    0.870667] pci 0000:00:03.1: reg 0x10: [mem 0x47178000-0x4717ffff 64bit]
[    0.870743] pci 0000:00:04.0: [0014:7a24] type 00 class 0x0c0310
[    0.870752] pci 0000:00:04.0: reg 0x10: [mem 0x47180000-0x47187fff 64bit]
[    0.870820] pci 0000:00:04.1: [0014:7a14] type 00 class 0x0c0320
[    0.870829] pci 0000:00:04.1: reg 0x10: [mem 0x47188000-0x4718ffff 64bit]
[    0.870906] pci 0000:00:05.0: [0014:7a24] type 00 class 0x0c0310
[    0.870915] pci 0000:00:05.0: reg 0x10: [mem 0x47190000-0x47197fff 64bit]
[    0.870983] pci 0000:00:05.1: [0014:7a14] type 00 class 0x0c0320
[    0.870992] pci 0000:00:05.1: reg 0x10: [mem 0x47198000-0x4719ffff 64bit]
[    0.871067] pci 0000:00:06.0: [0014:7a15] type 00 class 0x040000
[    0.871076] pci 0000:00:06.0: reg 0x10: [mem 0x47100000-0x4713ffff 64bit]
[    0.871081] pci 0000:00:06.0: reg 0x18: [mem 0x40000000-0x43ffffff 64bit]
[    0.871086] pci 0000:00:06.0: reg 0x20: [mem 0x47140000-0x4714ffff 64bit]
[    0.871139] pci 0000:00:06.1: [0014:7a06] type 00 class 0x030000
[    0.871147] pci 0000:00:06.1: reg 0x10: [mem 0x47150000-0x4715ffff 64bit]
[    0.871214] pci 0000:00:07.0: [0014:7a07] type 00 class 0x040300
[    0.871222] pci 0000:00:07.0: reg 0x10: [mem 0x47160000-0x4716ffff 64bit]
[    0.871287] pci 0000:00:08.0: [0014:7a08] type 00 class 0x010601
[    0.871295] pci 0000:00:08.0: reg 0x10: [mem 0x471a0000-0x471a1fff 64bit]
[    0.871363] pci 0000:00:08.1: [0014:7a08] type 00 class 0x010601
[    0.871371] pci 0000:00:08.1: reg 0x10: [mem 0x471a2000-0x471a3fff 64bit]
[    0.871440] pci 0000:00:08.2: [0014:7a08] type 00 class 0x010601
[    0.871448] pci 0000:00:08.2: reg 0x10: [mem 0x471a4000-0x471a5fff 64bit]
[    0.871523] pci 0000:00:0a.0: [0014:7a09] type 01 class 0x060000
[    0.871534] pci 0000:00:0a.0: reg 0x10: [mem 0x471a6000-0x471a6fff 64bit]
[    0.871562] pci 0000:00:0a.0: supports D1 D2
[    0.871564] pci 0000:00:0a.0: PME# supported from D0 D1 D3hot D3cold
[    0.871641] pci 0000:00:16.0: [0014:7a0b] type 00 class 0x088000
[    0.871649] pci 0000:00:16.0: reg 0x10: [mem 0x471a7000-0x471a7fff 64bit]
[    0.871655] pci 0000:00:16.0: reg 0x18: [mem 0x46000000-0x46ffffff 64bit]
[    0.871713] pci 0000:00:17.0: [0014:7a0c] type 00 class 0x060100
[    0.871806] pci 0000:01:00.0: [1b4b:9215] type 00 class 0x010601
[    0.871825] pci 0000:01:00.0: reg 0x10: [io  0x40028-0x4002f]
[    0.871833] pci 0000:01:00.0: reg 0x14: [io  0x40034-0x40037]
[    0.871841] pci 0000:01:00.0: reg 0x18: [io  0x40020-0x40027]
[    0.871850] pci 0000:01:00.0: reg 0x1c: [io  0x40030-0x40033]
[    0.871858] pci 0000:01:00.0: reg 0x20: [io  0x40000-0x4001f]
[    0.871867] pci 0000:01:00.0: reg 0x24: [mem 0x47000000-0x470007ff]
[    0.871875] pci 0000:01:00.0: reg 0x30: [mem 0xffff0000-0xffffffff pref]
[    0.871917] pci 0000:01:00.0: PME# supported from D3hot
[    0.884242] pci_bus 0000:01: busn_res: [bus 01-ff] end is updated to 01
[    0.884261] pci 0000:00:06.0: BAR 2: assigned [mem 0x40000000-0x43ffffff 64bit]
[    0.884267] pci 0000:00:16.0: BAR 2: assigned [mem 0x44000000-0x44ffffff 64bit]
[    0.884271] pci 0000:00:0a.0: BAR 14: assigned [mem 0x45000000-0x450fffff]
[    0.884273] pci 0000:00:06.0: BAR 0: assigned [mem 0x45100000-0x4513ffff 64bit]
[    0.884277] pci 0000:00:06.0: BAR 4: assigned [mem 0x45140000-0x4514ffff 64bit]
[    0.884281] pci 0000:00:06.1: BAR 0: assigned [mem 0x45150000-0x4515ffff 64bit]
[    0.884286] pci 0000:00:07.0: BAR 0: assigned [mem 0x45160000-0x4516ffff 64bit]
[    0.884290] pci 0000:00:03.0: BAR 0: assigned [mem 0x45170000-0x45177fff 64bit]
[    0.884295] pci 0000:00:03.1: BAR 0: assigned [mem 0x45178000-0x4517ffff 64bit]
[    0.884299] pci 0000:00:04.0: BAR 0: assigned [mem 0x45180000-0x45187fff 64bit]
[    0.884303] pci 0000:00:04.1: BAR 0: assigned [mem 0x45188000-0x4518ffff 64bit]
[    0.884308] pci 0000:00:05.0: BAR 0: assigned [mem 0x45190000-0x45197fff 64bit]
[    0.884312] pci 0000:00:05.1: BAR 0: assigned [mem 0x45198000-0x4519ffff 64bit]
[    0.884316] pci 0000:00:08.0: BAR 0: assigned [mem 0x451a0000-0x451a1fff 64bit]
[    0.884321] pci 0000:00:08.1: BAR 0: assigned [mem 0x451a2000-0x451a3fff 64bit]
[    0.884325] pci 0000:00:08.2: BAR 0: assigned [mem 0x451a4000-0x451a5fff 64bit]
[    0.884329] pci 0000:00:0a.0: BAR 0: assigned [mem 0x451a6000-0x451a6fff 64bit]
[    0.884334] pci 0000:00:0a.0: BAR 13: assigned [io  0x4000-0x4fff]
[    0.884336] pci 0000:00:16.0: BAR 0: assigned [mem 0x451a7000-0x451a7fff 64bit]
[    0.884342] pci 0000:01:00.0: BAR 6: assigned [mem 0x45000000-0x4500ffff pref]
[    0.884344] pci 0000:01:00.0: BAR 5: assigned [mem 0x45010000-0x450107ff]
[    0.884347] pci 0000:01:00.0: BAR 4: assigned [io  0x4000-0x401f]
[    0.884350] pci 0000:01:00.0: BAR 0: assigned [io  0x4020-0x4027]
[    0.884353] pci 0000:01:00.0: BAR 2: assigned [io  0x4028-0x402f]
[    0.884356] pci 0000:01:00.0: BAR 1: assigned [io  0x4030-0x4033]
[    0.884359] pci 0000:01:00.0: BAR 3: assigned [io  0x4034-0x4037]
[    0.884363] pci 0000:00:0a.0: PCI bridge to [bus 01]
[    0.884365] pci 0000:00:0a.0:   bridge window [io  0x4000-0x4fff]
[    0.884368] pci 0000:00:0a.0:   bridge window [mem 0x45000000-0x450fffff]
[    0.884521] pch-pic: huxueshi:pch_pic_alloc 19 60
[    0.884522] extioi: huxueshi:extioi_domain_alloc 19 60
[    0.884523] __irq_set_handler 19
[    0.884524] __irq_set_handler 19
[    0.884527] CPU: 2 PID: 1 Comm: swapper/0 Not tainted 4.19.167 #45
[    0.884528] Hardware name: Loongson Loongson-LS3A5000-7A1000-1w-V0.1-CRB/Loongson-LS3A5000-7A1000-1w-EVB-V1.21, BIOS Loongson-UDK2018-V2.0.04073-beta2 03/
[    0.884529] Stack : 000000000000051d 9000000000ec3948 9000000477918000 900000047791b790
[    0.884531]         0000000000000000 900000047791b790 0000000000000000 9000000001369b48
[    0.884533]         9000000001369b40 0000000000000000 9000000001359302 000000000000008e
[    0.884535]         0000000000000000 9000000001261298 0000000000000001 000000000000051d
[    0.884536]         900000047aef8000 000000009bbb27fc 0000000000000000 0000000000000001
[    0.884538]         000000000000051d 0000000477cd0000 900000047237a2c0 0000000000000000
[    0.884540]         00000000000000b4 0000000000000000 0000000000000013 0000000000000001
[    0.884541]         0000000000000013 90000000011cd078 0000000000000001 0000000000000000
[    0.884543]         0000000000000000 0000000000000000 0000000000000000 0000000000000000
[    0.884544]         0000000000000000 900000000020866c 0000000000000000 00000000000000b4
[    0.884546]         ...
[    0.884547] Call Trace:
[    0.884551] [<900000000020866c>] show_stack+0x2c/0x100
[    0.884554] [<9000000000ec3948>] dump_stack+0x90/0xc0
[    0.884556] [<90000000002a0da8>] irq_domain_set_mapping+0x34/0xcc
[    0.884559] [<90000000002a0644>] __irq_domain_alloc_irqs+0x294/0x2a0
[    0.884561] [<90000000002a0ad8>] irq_create_fwspec_mapping+0x268/0x378
[    0.884563] [<900000000020f3f0>] acpi_register_gsi+0x70/0x100
[    0.884566] [<900000000089b514>] acpi_dev_get_irqresource.isra.2+0x54/0xc0
[    0.884568] [<900000000089b660>] acpi_dev_resource_interrupt+0xe0/0x120
[    0.884570] [<900000000089b9c8>] acpi_dev_process_resource+0x100/0x148
[    0.884573] [<90000000008c5e08>] acpi_walk_resource_buffer+0xb8/0x180
[    0.884575] [<90000000008c664c>] acpi_walk_resources+0x84/0xc4
[    0.884577] [<900000000089b748>] __acpi_dev_get_resources+0xa8/0x100
[    0.884579] [<90000000008a2378>] acpi_create_platform_device+0xa0/0x300
[    0.884581] [<9000000000898330>] acpi_default_enumeration+0x28/0x58
[    0.884583] [<9000000000898560>] acpi_bus_attach+0x1d0/0x210
[    0.884585] [<90000000008983e8>] acpi_bus_attach+0x58/0x210
[    0.884586] [<90000000008983e8>] acpi_bus_attach+0x58/0x210
[    0.884588] [<900000000089a534>] acpi_bus_scan+0x34/0x78
[    0.884591] [<90000000012f80d0>] acpi_scan_init+0x170/0x2b8
[    0.884593] [<90000000012f7cc4>] acpi_init+0x2f8/0x360
[    0.884595] [<90000000002004fc>] do_one_initcall+0x6c/0x170
[    0.884597] [<90000000012d4ce0>] kernel_init_freeable+0x1f8/0x2b8
[    0.884600] [<9000000000eda754>] kernel_init+0x10/0xf4
[    0.884602] [<9000000000203ce8>] ret_from_kernel_thread+0xc/0x10
[    0.884604] irq: irq_domain_set_mapping  hwirq=60 virq=19
[    0.884605] CPU: 2 PID: 1 Comm: swapper/0 Not tainted 4.19.167 #45
[    0.884606] Hardware name: Loongson Loongson-LS3A5000-7A1000-1w-V0.1-CRB/Loongson-LS3A5000-7A1000-1w-EVB-V1.21, BIOS Loongson-UDK2018-V2.0.04073-beta2 03/
[    0.884607] Stack : 0000000000000544 9000000000ec3948 9000000477918000 900000047791b790
[    0.884609]         0000000000000000 900000047791b790 0000000000000000 9000000001369b48
[    0.884610]         9000000001369b40 0000000000000000 9000000001359302 000000000000008e
[    0.884612]         0000000000000000 9000000001261298 0000000000000001 0000000000000544
[    0.884613]         900000047aef8000 000000009bbb27fc 0000000000000000 0000000000000001
[    0.884615]         0000000000000544 0000000477cd0000 900000047237a2c0 0000000000000000
[    0.884617]         00000000000000b4 0000000000000000 0000000000000013 0000000000000001
[    0.884618]         0000000000000013 90000000011cd078 0000000000000001 0000000000000000
[    0.884620]         0000000000000000 0000000000000000 0000000000000000 0000000000000000
[    0.884621]         0000000000000000 900000000020866c 0000000000000000 00000000000000b4
[    0.884623]         ...
[    0.884624] Call Trace:
[    0.884626] [<900000000020866c>] show_stack+0x2c/0x100
[    0.884628] [<9000000000ec3948>] dump_stack+0x90/0xc0
[    0.884630] [<90000000002a0da8>] irq_domain_set_mapping+0x34/0xcc
[    0.884632] [<90000000002a0644>] __irq_domain_alloc_irqs+0x294/0x2a0
[    0.884634] [<90000000002a0ad8>] irq_create_fwspec_mapping+0x268/0x378
[    0.884636] [<900000000020f3f0>] acpi_register_gsi+0x70/0x100
[    0.884638] [<900000000089b514>] acpi_dev_get_irqresource.isra.2+0x54/0xc0
[    0.884640] [<900000000089b660>] acpi_dev_resource_interrupt+0xe0/0x120
[    0.884642] [<900000000089b9c8>] acpi_dev_process_resource+0x100/0x148
[    0.884644] [<90000000008c5e08>] acpi_walk_resource_buffer+0xb8/0x180
[    0.884645] [<90000000008c664c>] acpi_walk_resources+0x84/0xc4
[    0.884647] [<900000000089b748>] __acpi_dev_get_resources+0xa8/0x100
[    0.884649] [<90000000008a2378>] acpi_create_platform_device+0xa0/0x300
[    0.884651] [<9000000000898330>] acpi_default_enumeration+0x28/0x58
[    0.884653] [<9000000000898560>] acpi_bus_attach+0x1d0/0x210
[    0.884654] [<90000000008983e8>] acpi_bus_attach+0x58/0x210
[    0.884656] [<90000000008983e8>] acpi_bus_attach+0x58/0x210
[    0.884658] [<900000000089a534>] acpi_bus_scan+0x34/0x78
[    0.884660] [<90000000012f80d0>] acpi_scan_init+0x170/0x2b8
[    0.884662] [<90000000012f7cc4>] acpi_init+0x2f8/0x360
[    0.884663] [<90000000002004fc>] do_one_initcall+0x6c/0x170
[    0.884665] [<90000000012d4ce0>] kernel_init_freeable+0x1f8/0x2b8
[    0.884667] [<9000000000eda754>] kernel_init+0x10/0xf4
[    0.884669] [<9000000000203ce8>] ret_from_kernel_thread+0xc/0x10
[    0.884671] irq: irq_domain_set_mapping  hwirq=60 virq=19
[    0.884697] huxueshi:really_probe 
[    0.884698] CPU: 2 PID: 1 Comm: swapper/0 Not tainted 4.19.167 #45
[    0.884699] Hardware name: Loongson Loongson-LS3A5000-7A1000-1w-V0.1-CRB/Loongson-LS3A5000-7A1000-1w-EVB-V1.21, BIOS Loongson-UDK2018-V2.0.04073-beta2 03/
[    0.884700] Stack : 000000000000056c 9000000000ec3948 9000000477918000 900000047791b890
[    0.884702]         0000000000000000 900000047791b890 0000000000000000 9000000001369b48
[    0.884703]         9000000001369b40 0000000000000000 9000000001359302 000000000000008e
[    0.884705]         0000000000000000 9000000001261298 0000000000000001 000000000000056c
